Archive member included to satisfy reference by file (symbol)

/usr/share/segger_embedded_studio_for_arm_4.22/lib/libc_v7em_t_le_eabi.a(libc_asm.o)
                              Output/ble_app_beacon_pca10040e_s112 Release/Obj/bsp.o (__aeabi_uldivmod)
/usr/share/segger_embedded_studio_for_arm_4.22/lib/libc_v7em_t_le_eabi.a(libc2.o)
                              Output/ble_app_beacon_pca10040e_s112 Release/Obj/nrf_log_str_formatter.o (isprint)
/usr/share/segger_embedded_studio_for_arm_4.22/lib/libc_v7em_t_le_eabi.a(libc2_asm.o)
                              Output/ble_app_beacon_pca10040e_s112 Release/Obj/nrf_log_frontend.o (memcpy)
/usr/share/segger_embedded_studio_for_arm_4.22/lib/libc_v7em_t_le_eabi.a(libc.o)
                              /usr/share/segger_embedded_studio_for_arm_4.22/lib/libc_v7em_t_le_eabi.a(libc2.o) (__heap_lock)
/usr/share/segger_embedded_studio_for_arm_4.22/lib/libdebugio_v7em_t_le_eabi.a(libdebugio.o)
                              Output/ble_app_beacon_pca10040e_s112 Release/Obj/thumb_crt0.o (debug_fopen)
/usr/share/segger_embedded_studio_for_arm_4.22/lib/libdebugio_mempoll_v7em_t_le_eabi.a(mempoll_debug_operations.o)
                              /usr/share/segger_embedded_studio_for_arm_4.22/lib/libdebugio_v7em_t_le_eabi.a(libdebugio.o) (__do_debug_operation)
/usr/share/segger_embedded_studio_for_arm_4.22/lib/libdebugio_mempoll_v7em_t_le_eabi.a(do_nv_debug_operation.o)
                              /usr/share/segger_embedded_studio_for_arm_4.22/lib/libdebugio_v7em_t_le_eabi.a(libdebugio.o) (__do_nvdebug_operation)
/usr/share/segger_embedded_studio_for_arm_4.22/lib/libm_v7em_t_le_eabi.a(libm_asm.o)
                              /usr/share/segger_embedded_studio_for_arm_4.22/lib/libc_v7em_t_le_eabi.a(libc2.o) (__aeabi_i2f)
/usr/share/segger_embedded_studio_for_arm_4.22/lib/libm_v7em_t_le_eabi.a(libm2.o)
                              /usr/share/segger_embedded_studio_for_arm_4.22/lib/libvfprintf_v7em_t_le_eabi.o (frexp)
/usr/share/segger_embedded_studio_for_arm_4.22/lib/libm_v7em_t_le_eabi.a(libm2_asm.o)
                              /usr/share/segger_embedded_studio_for_arm_4.22/lib/libm_v7em_t_le_eabi.a(libm2.o) (fabs)

Discarded input sections

 .text          0x0000000000000000        0x0 Output/ble_app_beacon_pca10040e_s112 Release/Obj/thumb_crt0.o
 .data          0x0000000000000000        0x0 Output/ble_app_beacon_pca10040e_s112 Release/Obj/thumb_crt0.o
 .bss           0x0000000000000000        0x0 Output/ble_app_beacon_pca10040e_s112 Release/Obj/thumb_crt0.o
 .text.__aeabi_read_tp
                0x0000000000000000        0x8 Output/ble_app_beacon_pca10040e_s112 Release/Obj/thumb_crt0.o
 .text.abort    0x0000000000000000        0x2 Output/ble_app_beacon_pca10040e_s112 Release/Obj/thumb_crt0.o
 .text.__assert
                0x0000000000000000        0x2 Output/ble_app_beacon_pca10040e_s112 Release/Obj/thumb_crt0.o
 .text.__aeabi_assert
                0x0000000000000000        0x2 Output/ble_app_beacon_pca10040e_s112 Release/Obj/thumb_crt0.o
 .text.__sync_synchronize
                0x0000000000000000        0x2 Output/ble_app_beacon_pca10040e_s112 Release/Obj/thumb_crt0.o
 .text.__getchar
                0x0000000000000000        0x4 Output/ble_app_beacon_pca10040e_s112 Release/Obj/thumb_crt0.o
 .text.__putchar
                0x0000000000000000        0x4 Output/ble_app_beacon_pca10040e_s112 Release/Obj/thumb_crt0.o
 .text.__open   0x0000000000000000        0x4 Output/ble_app_beacon_pca10040e_s112 Release/Obj/thumb_crt0.o
 .text.__close  0x0000000000000000        0x4 Output/ble_app_beacon_pca10040e_s112 Release/Obj/thumb_crt0.o
 .text.__write  0x0000000000000000        0xa Output/ble_app_beacon_pca10040e_s112 Release/Obj/thumb_crt0.o
 .text.__read   0x0000000000000000        0xa Output/ble_app_beacon_pca10040e_s112 Release/Obj/thumb_crt0.o
 .text.__seek   0x0000000000000000       0x1a Output/ble_app_beacon_pca10040e_s112 Release/Obj/thumb_crt0.o
 .bss.__user_locale_name_buffer
                0x0000000000000000        0x4 Output/ble_app_beacon_pca10040e_s112 Release/Obj/thumb_crt0.o
 .stack         0x0000000000000000        0x0 Output/ble_app_beacon_pca10040e_s112 Release/Obj/thumb_crt0.o
 .stack_process
                0x0000000000000000        0x0 Output/ble_app_beacon_pca10040e_s112 Release/Obj/thumb_crt0.o
 .heap          0x0000000000000000        0x0 Output/ble_app_beacon_pca10040e_s112 Release/Obj/thumb_crt0.o
 .group         0x0000000000000000        0xc Output/ble_app_beacon_pca10040e_s112 Release/Obj/nrf_log_backend_rtt.o
 .group         0x0000000000000000        0xc Output/ble_app_beacon_pca10040e_s112 Release/Obj/nrf_log_backend_rtt.o
 .group         0x0000000000000000        0xc Output/ble_app_beacon_pca10040e_s112 Release/Obj/nrf_log_backend_rtt.o
 .group         0x0000000000000000        0xc Output/ble_app_beacon_pca10040e_s112 Release/Obj/nrf_log_backend_rtt.o
[...]
Memory Configuration

Name             Origin             Length             Attributes
UNPLACED_SECTIONS 0x0000000100000000 0x0000000000000000 xw
RAM              0x0000000020000000 0x0000000000006000 xw
FLASH            0x0000000000000000 0x0000000000030000 xw
*default*        0x0000000000000000 0xffffffffffffffff

Linker script and memory map

                0x0000000000000000                __vfprintf = __vfprintf_long
                0x0000000000000000                __vfscanf = __vfscanf_long
                0x0000000020000000                __RAM_segment_start__ = 0x20000000
                0x0000000020006000                __RAM_segment_end__ = 0x20006000
                0x0000000000006000                __RAM_segment_size__ = 0x6000
                0x0000000000000000                __FLASH_segment_start__ = 0x0
                0x0000000000030000                __FLASH_segment_end__ = 0x30000
                0x0000000000030000                __FLASH_segment_size__ = 0x30000
                0x0000000000000800                __HEAPSIZE__ = 0x800
                0x0000000000000000                __STACKSIZE_PROCESS__ = 0x0
                0x0000000000000800                __STACKSIZE__ = 0x800
                0x0000000020000000                __reserved_ram_load_start__ = 0x20000000

.reserved_ram   0x0000000020000000     0x1210
                0x0000000020000000                __reserved_ram_start__ = .
 *(.reserved_ram .reserved_ram.*)
                0x0000000020001210                . = MAX (((__reserved_ram_start__ + 0x20001210) - 0x20000000), .)
 *fill*         0x0000000020000000     0x1210 
                0x0000000020001210                __reserved_ram_end__ = (__reserved_ram_start__ + SIZEOF (.reserved_ram))
                0x0000000000001210                __reserved_ram_size__ = SIZEOF (.reserved_ram)
                0x0000000020001210                __reserved_ram_load_end__ = __reserved_ram_end__
                0x0000000000000001                . = ASSERT (((__reserved_ram_start__ == __reserved_ram_end__) || ((__reserved_ram_end__ - __RAM_segment_start__) <= __RAM_segment_size__)), error: .reserved_ram is too large to fit in RAM memory segment)
                0x0000000020001210                __vectors_ram_load_start__ = 0x20001210

.vectors_ram    0x0000000020001210        0x0
                0x0000000020001210                __vectors_ram_start__ = .
                0x0000000020001210                __app_ram_start__ = __vectors_ram_start__
 *(.vectors_ram .vectors_ram.*)
                0x0000000020001210                __vectors_ram_end__ = (__vectors_ram_start__ + SIZEOF (.vectors_ram))
                0x0000000000000000                __vectors_ram_size__ = SIZEOF (.vectors_ram)
                0x0000000020001210                __vectors_ram_load_end__ = __vectors_ram_end__
                0x0000000000000001                . = ASSERT (((__vectors_ram_start__ == __vectors_ram_end__) || ((__vectors_ram_end__ - __RAM_segment_start__) <= __RAM_segment_size__)), error: .vectors_ram is too large to fit in RAM memory segment)
                0x0000000000000001                . = ASSERT ((__reserved_ram_end__ <= __vectors_ram_start__), error: section .reserved_ram overlaps absolute placed section .vectors_ram)
                0x0000000020001210                __nrf_sections_run_load_start__ = ALIGN (__vectors_ram_end__, 0x4)

.nrf_sections_run
                0x0000000020001210        0x0
                0x0000000020001210                __nrf_sections_run_start__ = .
                0x0000000020001210                __start_nrf_sections_run = __nrf_sections_run_start__
 *(.nrf_sections_run .nrf_sections_run.*)
                0x0000000020001210                __nrf_sections_run_end__ = (__nrf_sections_run_start__ + SIZEOF (.nrf_sections_run))
                0x0000000000000000                __nrf_sections_run_size__ = SIZEOF (.nrf_sections_run)
                0x0000000020001210                __nrf_sections_run_load_end__ = __nrf_sections_run_end__
                0x0000000000000001                . = ASSERT (((__nrf_sections_run_start__ == __nrf_sections_run_end__) || ((__nrf_sections_run_end__ - __RAM_segment_start__) <= __RAM_segment_size__)), error: .nrf_sections_run is too large to fit in RAM memory segment)
                0x0000000000000000                __reserved_flash_load_start__ = 0x0

.reserved_flash
                0x0000000000000000    0x19000
                0x0000000000000000                __reserved_flash_start__ = .
 *(.reserved_flash .reserved_flash.*)
                0x0000000000019000                . = MAX (((__reserved_flash_start__ + 0x19000) - 0x0), .)
 *fill*         0x0000000000000000    0x19000 
                0x0000000000019000                __reserved_flash_end__ = (__reserved_flash_start__ + SIZEOF (.reserved_flash))
                0x0000000000019000                __reserved_flash_size__ = SIZEOF (.reserved_flash)
                0x0000000000019000                __reserved_flash_load_end__ = __reserved_flash_end__
                0x0000000000000001                . = ASSERT (((__reserved_flash_start__ == __reserved_flash_end__) || ((__reserved_flash_end__ - __FLASH_segment_start__) <= __FLASH_segment_size__)), error: .reserved_flash is too large to fit in FLASH memory segment)
                0x0000000000019000                __vectors_load_start__ = 0x19000

.vectors        0x0000000000019000      0x200
                0x0000000000019000                __vectors_start__ = .
 *(.vectors .vectors.*)
 .vectors       0x0000000000019000      0x200 Output/ble_app_beacon_pca10040e_s112 Release/Obj/ses_startup_nrf52810.o
                0x0000000000019000                _vectors
                0x0000000000019200                __vectors_end__ = (__vectors_start__ + SIZEOF (.vectors))
                0x0000000000000200                __vectors_size__ = SIZEOF (.vectors)
                0x0000000000019200                __vectors_load_end__ = __vectors_end__
                0x0000000000000001                . = ASSERT (((__vectors_start__ == __vectors_end__) || ((__vectors_end__ - __FLASH_segment_start__) <= __FLASH_segment_size__)), error: .vectors is too large to fit in FLASH memory segment)
                0x0000000000000001                . = ASSERT ((__reserved_flash_end__ <= __vectors_start__), error: section .reserved_flash overlaps absolute placed section .vectors)
                0x0000000000019200                __init_load_start__ = ALIGN (__vectors_end__, 0x4)

.init           0x0000000000019200      0x1c0
                0x0000000000019200                __init_start__ = .
 *(.init .init.*)
 .init          0x0000000000019200      0x15c Output/ble_app_beacon_pca10040e_s112 Release/Obj/thumb_crt0.o
                0x0000000000019200                _start
                0x00000000000192b4                exit
 .init          0x000000000001935c       0x18 Output/ble_app_beacon_pca10040e_s112 Release/Obj/ses_startup_nrf52810.o
                0x000000000001935c                NMI_Handler
                0x000000000001935e                HardFault_Handler
                0x0000000000019360                MemoryManagement_Handler
                0x0000000000019362                BusFault_Handler
                0x0000000000019364                UsageFault_Handler
                0x0000000000019366                SVC_Handler
                0x0000000000019368                DebugMon_Handler
                0x000000000001936a                PendSV_Handler
                0x000000000001936c                SysTick_Handler
                0x000000000001936e                TIMER2_IRQHandler
                0x000000000001936e                RTC0_IRQHandler
                0x000000000001936e                RADIO_IRQHandler
                0x000000000001936e                PDM_IRQHandler
                0x000000000001936e                SWI4_IRQHandler
                0x000000000001936e                TEMP_IRQHandler
                0x000000000001936e                QDEC_IRQHandler
                0x000000000001936e                SWI5_IRQHandler
                0x000000000001936e                TIMER0_IRQHandler
                0x000000000001936e                Dummy_Handler
                0x000000000001936e                TIMER1_IRQHandler
                0x000000000001936e                ECB_IRQHandler
                0x000000000001936e                SWI3_IRQHandler
                0x000000000001936e                SPIM0_SPIS0_SPI0_IRQHandler
                0x000000000001936e                SAADC_IRQHandler
                0x000000000001936e                CCM_AAR_IRQHandler
                0x000000000001936e                WDT_IRQHandler
                0x000000000001936e                RNG_IRQHandler
                0x000000000001936e                COMP_IRQHandler
                0x000000000001936e                PWM0_IRQHandler
                0x000000000001936e                SWI1_EGU1_IRQHandler
                0x000000000001936e                TWIM0_TWIS0_TWI0_IRQHandler
                0x0000000000019370                nRFInitialize
 .init          0x0000000000019374       0x4c Output/ble_app_beacon_pca10040e_s112 Release/Obj/ses_startup_nrf_common.o
                0x0000000000019374                Reset_Handler
                0x000000000001938a                InitializeUserMemorySections
                0x00000000000193c0                __init_end__ = (__init_start__ + SIZEOF (.init))
                0x00000000000001c0                __init_size__ = SIZEOF (.init)
                0x00000000000193c0                __init_load_end__ = __init_end__
                0x0000000000000001                . = ASSERT (((__init_start__ == __init_end__) || ((__init_end__ - __FLASH_segment_start__) <= __FLASH_segment_size__)), error: .init is too large to fit in FLASH memory segment)
                0x00000000000193c0                __init_rodata_load_start__ = ALIGN (__init_end__, 0x4)

.init_rodata    0x00000000000193c0        0x0
                0x00000000000193c0                __init_rodata_start__ = .
 *(.init_rodata .init_rodata.*)
                0x00000000000193c0                __init_rodata_end__ = (__init_rodata_start__ + SIZEOF (.init_rodata))
                0x0000000000000000                __init_rodata_size__ = SIZEOF (.init_rodata)
                0x00000000000193c0                __init_rodata_load_end__ = __init_rodata_end__
                0x0000000000000001                . = ASSERT (((__init_rodata_start__ == __init_rodata_end__) || ((__init_rodata_end__ - __FLASH_segment_start__) <= __FLASH_segment_size__)), error: .init_rodata is too large to fit in FLASH memory segment)
                0x00000000000193c0                __text_load_start__ = ALIGN (__init_rodata_end__, 0x4)

.text           0x00000000000193c0     0x3d22
                0x00000000000193c0                __text_start__ = .
 *(.text .text.* .glue_7t .glue_7 .gnu.linkonce.t.* .gcc_except_table .ARM.extab* .gnu.linkonce.armextab.*)
 .glue_7        0x00000000000193c0        0x0 linker stubs
 .glue_7t       0x00000000000193c0        0x0 linker stubs
 .text.nrf_log_backend_serial_put
                0x00000000000193c0       0xc0 Output/ble_app_beacon_pca10040e_s112 Release/Obj/nrf_log_backend_serial.o
                0x00000000000193c0                nrf_log_backend_serial_put
 .text.uart_evt_handler
                0x0000000000019480        0xc Output/ble_app_beacon_pca10040e_s112 Release/Obj/nrf_log_backend_uart.o
 .text.nrf_log_backend_uart_flush
                0x000000000001948c        0x2 Output/ble_app_beacon_pca10040e_s112 Release/Obj/nrf_log_backend_uart.o
 *fill*         0x000000000001948e        0x2 
 .text.uart_init
                0x0000000000019490       0x4c Output/ble_app_beacon_pca10040e_s112 Release/Obj/nrf_log_backend_uart.o
 .text.nrf_log_backend_uart_put
                0x00000000000194dc       0x1c Output/ble_app_beacon_pca10040e_s112 Release/Obj/nrf_log_backend_uart.o
 .text.serial_tx
                0x00000000000194f8       0x48 Output/ble_app_beacon_pca10040e_s112 Release/Obj/nrf_log_backend_uart.o
 .text.nrf_log_backend_uart_panic_set
                0x0000000000019540       0x2c Output/ble_app_beacon_pca10040e_s112 Release/Obj/nrf_log_backend_uart.o
 .text.nrf_log_backend_uart_init
                0x000000000001956c        0x6 Output/ble_app_beacon_pca10040e_s112 Release/Obj/nrf_log_backend_uart.o
                0x000000000001956c                nrf_log_backend_uart_init
 *fill*         0x0000000000019572        0x2 
 .text.nrf_log_default_backends_init
                0x0000000000019574       0x20 Output/ble_app_beacon_pca10040e_s112 Release/Obj/nrf_log_default_backends.o
                0x0000000000019574                nrf_log_default_backends_init
 .text.invalid_packets_omit
                0x0000000000019594       0x3a Output/ble_app_beacon_pca10040e_s112 Release/Obj/nrf_log_frontend.o
 *fill*         0x00000000000195ce        0x2 
 .text.buf_prealloc
                0x00000000000195d0      0x138 Output/ble_app_beacon_pca10040e_s112 Release/Obj/nrf_log_frontend.o
 .text.nrf_log_init
                0x0000000000019708       0x3c Output/ble_app_beacon_pca10040e_s112 Release/Obj/nrf_log_frontend.o
                0x0000000000019708                nrf_log_init
 .text.nrf_log_module_name_get
                0x0000000000019744       0x38 Output/ble_app_beacon_pca10040e_s112 Release/Obj/nrf_log_frontend.o
                0x0000000000019744                nrf_log_module_name_get
 .text.nrf_log_color_id_get
                0x000000000001977c       0x2c Output/ble_app_beacon_pca10040e_s112 Release/Obj/nrf_log_frontend.o
                0x000000000001977c                nrf_log_color_id_get
 .text.buffer_is_empty
                0x00000000000197a8       0x14 Output/ble_app_beacon_pca10040e_s112 Release/Obj/nrf_log_frontend.o
                0x00000000000197a8                buffer_is_empty
 .text.nrf_log_frontend_dequeue
                0x00000000000197bc      0x224 Output/ble_app_beacon_pca10040e_s112 Release/Obj/nrf_log_frontend.o
                0x00000000000197bc                nrf_log_frontend_dequeue
 .text.std_n    0x00000000000199e0       0xb0 Output/ble_app_beacon_pca10040e_s112 Release/Obj/nrf_log_frontend.o
 .text.nrf_log_frontend_std_0
                0x0000000000019a90        0x8 Output/ble_app_beacon_pca10040e_s112 Release/Obj/nrf_log_frontend.o
                0x0000000000019a90                nrf_log_frontend_std_0
 .text.nrf_log_frontend_std_1
                0x0000000000019a98       0x12 Output/ble_app_beacon_pca10040e_s112 Release/Obj/nrf_log_frontend.o
                0x0000000000019a98                nrf_log_frontend_std_1
 .text.nrf_log_frontend_std_2
                0x0000000000019aaa       0x14 Output/ble_app_beacon_pca10040e_s112 Release/Obj/nrf_log_frontend.o
                0x0000000000019aaa                nrf_log_frontend_std_2
 *fill*         0x0000000000019abe        0x2 
 .text.nrf_log_backend_add
                0x0000000000019ac0       0x44 Output/ble_app_beacon_pca10040e_s112 Release/Obj/nrf_log_frontend.o
                0x0000000000019ac0                nrf_log_backend_add
 .text.nrf_log_panic
                0x0000000000019b04       0x2c Output/ble_app_beacon_pca10040e_s112 Release/Obj/nrf_log_frontend.o
                0x0000000000019b04                nrf_log_panic
 .text.postfix_process
                0x0000000000019b30       0x3c Output/ble_app_beacon_pca10040e_s112 Release/Obj/nrf_log_str_formatter.o
 .text.prefix_process
                0x0000000000019b6c       0x78 Output/ble_app_beacon_pca10040e_s112 Release/Obj/nrf_log_str_formatter.o
 .text.nrf_log_std_entry_process
                0x0000000000019be4       0xc8 Output/ble_app_beacon_pca10040e_s112 Release/Obj/nrf_log_str_formatter.o
                0x0000000000019be4                nrf_log_std_entry_process
 .text.nrf_log_hexdump_entry_process
                0x0000000000019cac       0xb4 Output/ble_app_beacon_pca10040e_s112 Release/Obj/nrf_log_str_formatter.o
                0x0000000000019cac                nrf_log_hexdump_entry_process
 .text.detection_delay_timeout_handler
                0x0000000000019d60       0xfc Output/ble_app_beacon_pca10040e_s112 Release/Obj/app_button.o
 .text.gpiote_event_handler
                0x0000000000019e5c       0x98 Output/ble_app_beacon_pca10040e_s112 Release/Obj/app_button.o
 .text.app_button_init
                0x0000000000019ef4       0xa8 Output/ble_app_beacon_pca10040e_s112 Release/Obj/app_button.o
                0x0000000000019ef4                app_button_init
 .text.app_button_enable
                0x0000000000019f9c       0x2c Output/ble_app_beacon_pca10040e_s112 Release/Obj/app_button.o
                0x0000000000019f9c                app_button_enable
 .text.app_error_handler_bare
                0x0000000000019fc8       0x1a Output/ble_app_beacon_pca10040e_s112 Release/Obj/app_error.o
                0x0000000000019fc8                app_error_handler_bare
 *fill*         0x0000000000019fe2        0x2 
 .text.app_error_fault_handler
                0x0000000000019fe4       0x70 Output/ble_app_beacon_pca10040e_s112 Release/Obj/app_error_weak.o
                0x0000000000019fe4                app_error_fault_handler
 .text.user_op_alloc
                0x000000000001a054       0x2c Output/ble_app_beacon_pca10040e_s112 Release/Obj/app_timer.o
 .text.timer_stop_op_schedule
                0x000000000001a080       0x50 Output/ble_app_beacon_pca10040e_s112 Release/Obj/app_timer.o
 .text.nrfx_coredep_delay_us.part.0.constprop.4
                0x000000000001a0d0       0x10 Output/ble_app_beacon_pca10040e_s112 Release/Obj/app_timer.o
 .text.rtc1_stop
                0x000000000001a0e0       0x44 Output/ble_app_beacon_pca10040e_s112 Release/Obj/app_timer.o
 .text.RTC1_IRQHandler
                0x000000000001a124       0x9c Output/ble_app_beacon_pca10040e_s112 Release/Obj/app_timer.o
                0x000000000001a124                RTC1_IRQHandler
 .text.SWI0_EGU0_IRQHandler
                0x000000000001a1c0      0x2b8 Output/ble_app_beacon_pca10040e_s112 Release/Obj/app_timer.o
                0x000000000001a1c0                SWI0_EGU0_IRQHandler
 .text.app_timer_init
                0x000000000001a478       0x60 Output/ble_app_beacon_pca10040e_s112 Release/Obj/app_timer.o
                0x000000000001a478                app_timer_init
 .text.app_timer_create
                0x000000000001a4d8       0x24 Output/ble_app_beacon_pca10040e_s112 Release/Obj/app_timer.o
                0x000000000001a4d8                app_timer_create
 .text.app_timer_start
                0x000000000001a4fc       0x8c Output/ble_app_beacon_pca10040e_s112 Release/Obj/app_timer.o
                0x000000000001a4fc                app_timer_start
 .text.app_timer_stop
                0x000000000001a588       0x20 Output/ble_app_beacon_pca10040e_s112 Release/Obj/app_timer.o
                0x000000000001a588                app_timer_stop
 .text.app_util_critical_region_enter
                0x000000000001a5a8       0x48 Output/ble_app_beacon_pca10040e_s112 Release/Obj/app_util_platform.o
                0x000000000001a5a8                app_util_critical_region_enter
 .text.app_util_critical_region_exit
                0x000000000001a5f0       0x2c Output/ble_app_beacon_pca10040e_s112 Release/Obj/app_util_platform.o
                0x000000000001a5f0                app_util_critical_region_exit
 .text.nrf_atomic_u32_fetch_store
                0x000000000001a61c       0x14 Output/ble_app_beacon_pca10040e_s112 Release/Obj/nrf_atomic.o
                0x000000000001a61c                nrf_atomic_u32_fetch_store
 .text.nrf_atomic_u32_or
                0x000000000001a630       0x16 Output/ble_app_beacon_pca10040e_s112 Release/Obj/nrf_atomic.o
                0x000000000001a630                nrf_atomic_u32_or
 .text.nrf_atomic_u32_fetch_and
                0x000000000001a646       0x16 Output/ble_app_beacon_pca10040e_s112 Release/Obj/nrf_atomic.o
                0x000000000001a646                nrf_atomic_u32_fetch_and
 .text.nrf_atomic_u32_add
                0x000000000001a65c       0x16 Output/ble_app_beacon_pca10040e_s112 Release/Obj/nrf_atomic.o
                0x000000000001a65c                nrf_atomic_u32_add
 .text.nrf_atomic_u32_sub
                0x000000000001a672       0x16 Output/ble_app_beacon_pca10040e_s112 Release/Obj/nrf_atomic.o
                0x000000000001a672                nrf_atomic_u32_sub
 .text.nrf_atomic_flag_set
                0x000000000001a688        0x6 Output/ble_app_beacon_pca10040e_s112 Release/Obj/nrf_atomic.o
                0x000000000001a688                nrf_atomic_flag_set
 .text.nrf_atomic_flag_clear_fetch
                0x000000000001a68e        0x6 Output/ble_app_beacon_pca10040e_s112 Release/Obj/nrf_atomic.o
                0x000000000001a68e                nrf_atomic_flag_clear_fetch
 .text.nrf_balloc_init
                0x000000000001a694       0x2e Output/ble_app_beacon_pca10040e_s112 Release/Obj/nrf_balloc.o
                0x000000000001a694                nrf_balloc_init
 .text.nrf_balloc_alloc
                0x000000000001a6c2       0x48 Output/ble_app_beacon_pca10040e_s112 Release/Obj/nrf_balloc.o
                0x000000000001a6c2                nrf_balloc_alloc
 .text.nrf_balloc_free
                0x000000000001a70a       0x34 Output/ble_app_beacon_pca10040e_s112 Release/Obj/nrf_balloc.o
                0x000000000001a70a                nrf_balloc_free
 .text.nrf_fprintf_buffer_flush
                0x000000000001a73e       0x16 Output/ble_app_beacon_pca10040e_s112 Release/Obj/nrf_fprintf.o
                0x000000000001a73e                nrf_fprintf_buffer_flush
 .text.nrf_fprintf
                0x000000000001a754       0x1c Output/ble_app_beacon_pca10040e_s112 Release/Obj/nrf_fprintf.o
                0x000000000001a754                nrf_fprintf
 .text.buffer_add
                0x000000000001a770       0x2e Output/ble_app_beacon_pca10040e_s112 Release/Obj/nrf_fprintf_format.o
 *fill*         0x000000000001a79e        0x2 
 .text.unsigned_print
                0x000000000001a7a0       0xb0 Output/ble_app_beacon_pca10040e_s112 Release/Obj/nrf_fprintf_format.o
 .text.nrf_fprintf_fmt
                0x000000000001a850      0x276 Output/ble_app_beacon_pca10040e_s112 Release/Obj/nrf_fprintf_format.o
                0x000000000001a850                nrf_fprintf_fmt
 .text.memobj_op
                0x000000000001aac6       0x82 Output/ble_app_beacon_pca10040e_s112 Release/Obj/nrf_memobj.o
 .text.nrf_memobj_pool_init
                0x000000000001ab48        0x4 Output/ble_app_beacon_pca10040e_s112 Release/Obj/nrf_memobj.o
                0x000000000001ab48                nrf_memobj_pool_init
 .text.nrf_memobj_free
                0x000000000001ab4c       0x2c Output/ble_app_beacon_pca10040e_s112 Release/Obj/nrf_memobj.o
                0x000000000001ab4c                nrf_memobj_free
 .text.nrf_memobj_alloc
                0x000000000001ab78       0x5e Output/ble_app_beacon_pca10040e_s112 Release/Obj/nrf_memobj.o
                0x000000000001ab78                nrf_memobj_alloc
 .text.nrf_memobj_get
                0x000000000001abd6        0x8 Output/ble_app_beacon_pca10040e_s112 Release/Obj/nrf_memobj.o
                0x000000000001abd6                nrf_memobj_get
 .text.nrf_memobj_put
                0x000000000001abde       0x1e Output/ble_app_beacon_pca10040e_s112 Release/Obj/nrf_memobj.o
                0x000000000001abde                nrf_memobj_put
 .text.nrf_memobj_write
                0x000000000001abfc       0x14 Output/ble_app_beacon_pca10040e_s112 Release/Obj/nrf_memobj.o
                0x000000000001abfc                nrf_memobj_write
 .text.nrf_memobj_read
                0x000000000001ac10       0x14 Output/ble_app_beacon_pca10040e_s112 Release/Obj/nrf_memobj.o
                0x000000000001ac10                nrf_memobj_read
 .text.sd_app_evt_wait
                0x000000000001ac24        0x4 Output/ble_app_beacon_pca10040e_s112 Release/Obj/nrf_pwr_mgmt.o
 .text.nrf_pwr_mgmt_init
                0x000000000001ac28       0x2c Output/ble_app_beacon_pca10040e_s112 Release/Obj/nrf_pwr_mgmt.o
                0x000000000001ac28                nrf_pwr_mgmt_init
 .text.nrf_pwr_mgmt_run
                0x000000000001ac54       0x18 Output/ble_app_beacon_pca10040e_s112 Release/Obj/nrf_pwr_mgmt.o
                0x000000000001ac54                nrf_pwr_mgmt_run
 .text.nrf_ringbuf_init
                0x000000000001ac6c       0x12 Output/ble_app_beacon_pca10040e_s112 Release/Obj/nrf_ringbuf.o
                0x000000000001ac6c                nrf_ringbuf_init
 .text.nrf_section_iter_init
                0x000000000001ac7e       0x14 Output/ble_app_beacon_pca10040e_s112 Release/Obj/nrf_section_iter.o
                0x000000000001ac7e                nrf_section_iter_init
 .text.nrf_section_iter_next
                0x000000000001ac92       0x18 Output/ble_app_beacon_pca10040e_s112 Release/Obj/nrf_section_iter.o
                0x000000000001ac92                nrf_section_iter_next
 *fill*         0x000000000001acaa        0x2 
 .text.nrf_strerror_find
                0x000000000001acac       0x3c Output/ble_app_beacon_pca10040e_s112 Release/Obj/nrf_strerror.o
                0x000000000001acac                nrf_strerror_find
 .text.nrf_strerror_get
                0x000000000001ace8       0x14 Output/ble_app_beacon_pca10040e_s112 Release/Obj/nrf_strerror.o
                0x000000000001ace8                nrf_strerror_get
 .text.errata_16
                0x000000000001acfc       0x34 Output/ble_app_beacon_pca10040e_s112 Release/Obj/system_nrf52810.o
 .text.errata_31
                0x000000000001ad30       0x54 Output/ble_app_beacon_pca10040e_s112 Release/Obj/system_nrf52810.o
 .text.errata_108
                0x000000000001ad84       0x40 Output/ble_app_beacon_pca10040e_s112 Release/Obj/system_nrf52810.o
 .text.SystemInit
                0x000000000001adc4      0x270 Output/ble_app_beacon_pca10040e_s112 Release/Obj/system_nrf52810.o
                0x000000000001adc4                SystemInit
 .text.bsp_board_led_state_get
                0x000000000001b034       0x1c Output/ble_app_beacon_pca10040e_s112 Release/Obj/boards.o
                0x000000000001b034                bsp_board_led_state_get
 .text.bsp_board_led_on
                0x000000000001b050       0x18 Output/ble_app_beacon_pca10040e_s112 Release/Obj/boards.o
                0x000000000001b050                bsp_board_led_on
 .text.bsp_board_led_off
                0x000000000001b068       0x18 Output/ble_app_beacon_pca10040e_s112 Release/Obj/boards.o
                0x000000000001b068                bsp_board_led_off
 .text.bsp_board_leds_off
                0x000000000001b080       0x1e Output/ble_app_beacon_pca10040e_s112 Release/Obj/boards.o
                0x000000000001b080                bsp_board_leds_off
 .text.bsp_board_leds_on
                0x000000000001b09e       0x1e Output/ble_app_beacon_pca10040e_s112 Release/Obj/boards.o
                0x000000000001b09e                bsp_board_leds_on
 .text.bsp_board_led_invert
                0x000000000001b0bc       0x24 Output/ble_app_beacon_pca10040e_s112 Release/Obj/boards.o
                0x000000000001b0bc                bsp_board_led_invert
 .text.bsp_board_pin_to_button_idx
                0x000000000001b0e0       0x24 Output/ble_app_beacon_pca10040e_s112 Release/Obj/boards.o
                0x000000000001b0e0                bsp_board_pin_to_button_idx
 .text.bsp_board_init
                0x000000000001b104       0x3e Output/ble_app_beacon_pca10040e_s112 Release/Obj/boards.o
                0x000000000001b104                bsp_board_init
 *fill*         0x000000000001b142        0x2 
 .text.clock_clk_started_notify
                0x000000000001b144       0x24 Output/ble_app_beacon_pca10040e_s112 Release/Obj/nrf_drv_clock.o
 .text.clock_irq_handler
                0x000000000001b168       0x1c Output/ble_app_beacon_pca10040e_s112 Release/Obj/nrf_drv_clock.o
 .text.soc_evt_handler
                0x000000000001b184       0x14 Output/ble_app_beacon_pca10040e_s112 Release/Obj/nrf_drv_clock.o
 .text.nrf_drv_clock_init
                0x000000000001b198       0x38 Output/ble_app_beacon_pca10040e_s112 Release/Obj/nrf_drv_clock.o
                0x000000000001b198                nrf_drv_clock_init
 .text.nrf_drv_clock_lfclk_release
                0x000000000001b1d0       0x34 Output/ble_app_beacon_pca10040e_s112 Release/Obj/nrf_drv_clock.o
                0x000000000001b1d0                nrf_drv_clock_lfclk_release
 .text.sd_state_evt_handler
                0x000000000001b204       0x58 Output/ble_app_beacon_pca10040e_s112 Release/Obj/nrf_drv_clock.o
 .text.uarte_evt_handler
                0x000000000001b25c       0x34 Output/ble_app_beacon_pca10040e_s112 Release/Obj/nrf_drv_uart.o
 .text.uart_evt_handler
                0x000000000001b290       0x34 Output/ble_app_beacon_pca10040e_s112 Release/Obj/nrf_drv_uart.o
 .text.nrf_drv_uart_init
                0x000000000001b2c4       0x78 Output/ble_app_beacon_pca10040e_s112 Release/Obj/nrf_drv_uart.o
                0x000000000001b2c4                nrf_drv_uart_init
 .text.nrfx_clock_init
                0x000000000001b33c       0x18 Output/ble_app_beacon_pca10040e_s112 Release/Obj/nrfx_clock.o
                0x000000000001b33c                nrfx_clock_init
 .text.nrfx_clock_enable
                0x000000000001b354       0x24 Output/ble_app_beacon_pca10040e_s112 Release/Obj/nrfx_clock.o
                0x000000000001b354                nrfx_clock_enable
 .text.nrfx_clock_lfclk_stop
                0x000000000001b378       0x18 Output/ble_app_beacon_pca10040e_s112 Release/Obj/nrfx_clock.o
                0x000000000001b378                nrfx_clock_lfclk_stop
 .text.POWER_CLOCK_IRQHandler
                0x000000000001b390       0x64 Output/ble_app_beacon_pca10040e_s112 Release/Obj/nrfx_clock.o
                0x000000000001b390                POWER_CLOCK_IRQHandler
 .text.nrf_gpiote_event_clear
                0x000000000001b3f4       0x18 Output/ble_app_beacon_pca10040e_s112 Release/Obj/nrfx_gpiote.o
 .text.nrf_gpio_cfg_sense_set
                0x000000000001b40c       0x20 Output/ble_app_beacon_pca10040e_s112 Release/Obj/nrfx_gpiote.o
 .text.channel_free
                0x000000000001b42c       0x1c Output/ble_app_beacon_pca10040e_s112 Release/Obj/nrfx_gpiote.o
 .text.nrfx_gpiote_init
                0x000000000001b448       0x70 Output/ble_app_beacon_pca10040e_s112 Release/Obj/nrfx_gpiote.o
                0x000000000001b448                nrfx_gpiote_init
 .text.nrfx_gpiote_is_init
                0x000000000001b4b8       0x14 Output/ble_app_beacon_pca10040e_s112 Release/Obj/nrfx_gpiote.o
                0x000000000001b4b8                nrfx_gpiote_is_init
 .text.nrfx_gpiote_in_init
                0x000000000001b4cc       0xe8 Output/ble_app_beacon_pca10040e_s112 Release/Obj/nrfx_gpiote.o
                0x000000000001b4cc                nrfx_gpiote_in_init
 .text.nrfx_gpiote_in_event_enable
                0x000000000001b5b4       0x88 Output/ble_app_beacon_pca10040e_s112 Release/Obj/nrfx_gpiote.o
                0x000000000001b5b4                nrfx_gpiote_in_event_enable
 .text.nrfx_gpiote_in_is_set
                0x000000000001b63c       0x12 Output/ble_app_beacon_pca10040e_s112 Release/Obj/nrfx_gpiote.o
                0x000000000001b63c                nrfx_gpiote_in_is_set
 *fill*         0x000000000001b64e        0x2 
 .text.GPIOTE_IRQHandler
                0x000000000001b650      0x184 Output/ble_app_beacon_pca10040e_s112 Release/Obj/nrfx_gpiote.o
                0x000000000001b650                GPIOTE_IRQHandler
 .text.UARTE0_UART0_IRQHandler
                0x000000000001b7d4        0xc Output/ble_app_beacon_pca10040e_s112 Release/Obj/nrfx_prs.o
                0x000000000001b7d4                UARTE0_UART0_IRQHandler
 .text.nrfx_prs_acquire
                0x000000000001b7e0       0x44 Output/ble_app_beacon_pca10040e_s112 Release/Obj/nrfx_prs.o
                0x000000000001b7e0                nrfx_prs_acquire
 .text.nrfx_prs_release
                0x000000000001b824       0x18 Output/ble_app_beacon_pca10040e_s112 Release/Obj/nrfx_prs.o
                0x000000000001b824                nrfx_prs_release
 .text.nrf_uart_event_clear
                0x000000000001b83c       0x10 Output/ble_app_beacon_pca10040e_s112 Release/Obj/nrfx_uart.o
 .text.tx_byte  0x000000000001b84c       0x1e Output/ble_app_beacon_pca10040e_s112 Release/Obj/nrfx_uart.o
 .text.rx_byte  0x000000000001b86a       0x2c Output/ble_app_beacon_pca10040e_s112 Release/Obj/nrfx_uart.o
 *fill*         0x000000000001b896        0x2 
 .text.rx_done_event.constprop.8
                0x000000000001b898       0x20 Output/ble_app_beacon_pca10040e_s112 Release/Obj/nrfx_uart.o
 .text.nrfx_uart_0_irq_handler
                0x000000000001b8b8      0x13c Output/ble_app_beacon_pca10040e_s112 Release/Obj/nrfx_uart.o
                0x000000000001b8b8                nrfx_uart_0_irq_handler
 .text.nrfx_uart_init
                0x000000000001b9f4      0x174 Output/ble_app_beacon_pca10040e_s112 Release/Obj/nrfx_uart.o
                0x000000000001b9f4                nrfx_uart_init
 .text.nrfx_uart_uninit
                0x000000000001bb68       0xc8 Output/ble_app_beacon_pca10040e_s112 Release/Obj/nrfx_uart.o
                0x000000000001bb68                nrfx_uart_uninit
 .text.nrfx_uart_tx
                0x000000000001bc30       0x90 Output/ble_app_beacon_pca10040e_s112 Release/Obj/nrfx_uart.o
                0x000000000001bc30                nrfx_uart_tx
 .text.nrf_uarte_event_clear
                0x000000000001bcc0       0x10 Output/ble_app_beacon_pca10040e_s112 Release/Obj/nrfx_uarte.o
 .text.rx_done_event.constprop.7
                0x000000000001bcd0       0x20 Output/ble_app_beacon_pca10040e_s112 Release/Obj/nrfx_uarte.o
 .text.nrfx_uarte_0_irq_handler
                0x000000000001bcf0       0xe8 Output/ble_app_beacon_pca10040e_s112 Release/Obj/nrfx_uarte.o
                0x000000000001bcf0                nrfx_uarte_0_irq_handler
 .text.nrfx_uarte_init
                0x000000000001bdd8      0x184 Output/ble_app_beacon_pca10040e_s112 Release/Obj/nrfx_uarte.o
                0x000000000001bdd8                nrfx_uarte_init
 .text.nrfx_uarte_uninit
                0x000000000001bf5c       0xc8 Output/ble_app_beacon_pca10040e_s112 Release/Obj/nrfx_uarte.o
                0x000000000001bf5c                nrfx_uarte_uninit
 .text.nrfx_uarte_tx
                0x000000000001c024       0x84 Output/ble_app_beacon_pca10040e_s112 Release/Obj/nrfx_uarte.o
                0x000000000001c024                nrfx_uarte_tx
 .text.alert_timer_handler
                0x000000000001c0a8        0x6 Output/ble_app_beacon_pca10040e_s112 Release/Obj/bsp.o
 *fill*         0x000000000001c0ae        0x2 
 .text.bsp_button_event_handler
                0x000000000001c0b0       0x9c Output/ble_app_beacon_pca10040e_s112 Release/Obj/bsp.o
 .text.button_timer_handler
                0x000000000001c14c        0x8 Output/ble_app_beacon_pca10040e_s112 Release/Obj/bsp.o
 .text.leds_off
                0x000000000001c154       0x2c Output/ble_app_beacon_pca10040e_s112 Release/Obj/bsp.o
 .text.bsp_led_indication
                0x000000000001c180      0x204 Output/ble_app_beacon_pca10040e_s112 Release/Obj/bsp.o
 .text.leds_timer_handler
                0x000000000001c384       0x1c Output/ble_app_beacon_pca10040e_s112 Release/Obj/bsp.o
 .text.bsp_indication_set
                0x000000000001c3a0       0x18 Output/ble_app_beacon_pca10040e_s112 Release/Obj/bsp.o
                0x000000000001c3a0                bsp_indication_set
 .text.bsp_init
                0x000000000001c3b8       0x9c Output/ble_app_beacon_pca10040e_s112 Release/Obj/bsp.o
                0x000000000001c3b8                bsp_init
 .text.sd_ble_gap_adv_set_configure
                0x000000000001c454        0x4 Output/ble_app_beacon_pca10040e_s112 Release/Obj/main.o
 .text.sd_ble_gap_adv_start
                0x000000000001c458        0x4 Output/ble_app_beacon_pca10040e_s112 Release/Obj/main.o
 .text.sd_ble_gap_adv_stop
                0x000000000001c45c        0x4 Output/ble_app_beacon_pca10040e_s112 Release/Obj/main.o
 .text.generate_new_value
                0x000000000001c460       0x10 Output/ble_app_beacon_pca10040e_s112 Release/Obj/main.o
                0x000000000001c460                generate_new_value
 .text.advertising_init
                0x000000000001c470       0x98 Output/ble_app_beacon_pca10040e_s112 Release/Obj/main.o
 .text.startup.main
                0x000000000001c508       0xdc Output/ble_app_beacon_pca10040e_s112 Release/Obj/main.o
                0x000000000001c508                main
 .text.sd_ble_gap_addr_get
                0x000000000001c5e4        0x4 Output/ble_app_beacon_pca10040e_s112 Release/Obj/ble_advdata.o
 .text.sd_ble_gap_appearance_get
                0x000000000001c5e8        0x4 Output/ble_app_beacon_pca10040e_s112 Release/Obj/ble_advdata.o
 .text.sd_ble_gap_device_name_get
                0x000000000001c5ec        0x4 Output/ble_app_beacon_pca10040e_s112 Release/Obj/ble_advdata.o
 .text.sd_ble_uuid_encode
                0x000000000001c5f0        0x4 Output/ble_app_beacon_pca10040e_s112 Release/Obj/ble_advdata.o
 .text.uuid_list_sized_encode
                0x000000000001c5f4       0xac Output/ble_app_beacon_pca10040e_s112 Release/Obj/ble_advdata.o
 .text.uuid_list_encode
                0x000000000001c6a0       0x38 Output/ble_app_beacon_pca10040e_s112 Release/Obj/ble_advdata.o
 .text.ble_advdata_encode
                0x000000000001c6d8      0x394 Output/ble_app_beacon_pca10040e_s112 Release/Obj/ble_advdata.o
                0x000000000001c6d8                ble_advdata_encode
 .text.sd_softdevice_enable
                0x000000000001ca6c        0x4 Output/ble_app_beacon_pca10040e_s112 Release/Obj/nrf_sdh.o
 .text.sdh_request_observer_notify
                0x000000000001ca70       0x30 Output/ble_app_beacon_pca10040e_s112 Release/Obj/nrf_sdh.o
 .text.sdh_state_observer_notify
                0x000000000001caa0       0x28 Output/ble_app_beacon_pca10040e_s112 Release/Obj/nrf_sdh.o
 .text.softdevices_evt_irq_enable
                0x000000000001cac8       0x38 Output/ble_app_beacon_pca10040e_s112 Release/Obj/nrf_sdh.o
 .text.nrf_sdh_enable_request
                0x000000000001cb00       0x7c Output/ble_app_beacon_pca10040e_s112 Release/Obj/nrf_sdh.o
                0x000000000001cb00                nrf_sdh_enable_request
 .text.nrf_sdh_is_enabled
                0x000000000001cb7c        0xc Output/ble_app_beacon_pca10040e_s112 Release/Obj/nrf_sdh.o
                0x000000000001cb7c                nrf_sdh_is_enabled
 .text.nrf_sdh_evts_poll
                0x000000000001cb88       0x28 Output/ble_app_beacon_pca10040e_s112 Release/Obj/nrf_sdh.o
                0x000000000001cb88                nrf_sdh_evts_poll
 .text.SWI2_IRQHandler
                0x000000000001cbb0        0x4 Output/ble_app_beacon_pca10040e_s112 Release/Obj/nrf_sdh.o
                0x000000000001cbb0                SWI2_IRQHandler
 .text.sd_ble_enable
                0x000000000001cbb4        0x4 Output/ble_app_beacon_pca10040e_s112 Release/Obj/nrf_sdh_ble.o
 .text.sd_ble_cfg_set
                0x000000000001cbb8        0x4 Output/ble_app_beacon_pca10040e_s112 Release/Obj/nrf_sdh_ble.o
 .text.sd_ble_evt_get
                0x000000000001cbbc        0x4 Output/ble_app_beacon_pca10040e_s112 Release/Obj/nrf_sdh_ble.o
 .text.nrf_sdh_ble_evts_poll
                0x000000000001cbc0       0x50 Output/ble_app_beacon_pca10040e_s112 Release/Obj/nrf_sdh_ble.o
 .text.nrf_sdh_ble_default_cfg_set
                0x000000000001cc10      0x15c Output/ble_app_beacon_pca10040e_s112 Release/Obj/nrf_sdh_ble.o
                0x000000000001cc10                nrf_sdh_ble_default_cfg_set
 .text.nrf_sdh_ble_enable
                0x000000000001cd6c       0x94 Output/ble_app_beacon_pca10040e_s112 Release/Obj/nrf_sdh_ble.o
                0x000000000001cd6c                nrf_sdh_ble_enable
 .text.sd_evt_get
                0x000000000001ce00        0x4 Output/ble_app_beacon_pca10040e_s112 Release/Obj/nrf_sdh_soc.o
 .text.nrf_sdh_soc_evts_poll
                0x000000000001ce04       0x3c Output/ble_app_beacon_pca10040e_s112 Release/Obj/nrf_sdh_soc.o
 .text.libc.__int64_udivmod
                0x000000000001ce40       0xce /usr/share/segger_embedded_studio_for_arm_4.22/lib/libc_v7em_t_le_eabi.a(libc_asm.o)
                0x000000000001ce40                __int64_udivmod
                0x000000000001ce40                __aeabi_uldivmod
                0x000000000001ce40                __int64_udiv
                0x000000000001ce40                __udivdi3
 *fill*         0x000000000001cf0e        0x2 
 .text.libc.__RAL_ascii_isctype
                0x000000000001cf10       0x1c /usr/share/segger_embedded_studio_for_arm_4.22/lib/libc_v7em_t_le_eabi.a(libc2.o)
 .text.libc.__RAL_ascii_toupper
                0x000000000001cf2c        0xc /usr/share/segger_embedded_studio_for_arm_4.22/lib/libc_v7em_t_le_eabi.a(libc2.o)
 .text.libc.__RAL_ascii_tolower
                0x000000000001cf38        0xc /usr/share/segger_embedded_studio_for_arm_4.22/lib/libc_v7em_t_le_eabi.a(libc2.o)
 .text.libc.__RAL_ascii_iswctype
                0x000000000001cf44       0x1c /usr/share/segger_embedded_studio_for_arm_4.22/lib/libc_v7em_t_le_eabi.a(libc2.o)
 .text.libc.__RAL_ascii_towupper
                0x000000000001cf60        0xc /usr/share/segger_embedded_studio_for_arm_4.22/lib/libc_v7em_t_le_eabi.a(libc2.o)
 .text.libc.__RAL_ascii_towlower
                0x000000000001cf6c        0xc /usr/share/segger_embedded_studio_for_arm_4.22/lib/libc_v7em_t_le_eabi.a(libc2.o)
 .text.libc.__RAL_ascii_wctomb
                0x000000000001cf78        0xe /usr/share/segger_embedded_studio_for_arm_4.22/lib/libc_v7em_t_le_eabi.a(libc2.o)
                0x000000000001cf78                __RAL_ascii_wctomb
 .text.libc.__RAL_ascii_mbtowc
                0x000000000001cf86       0x24 /usr/share/segger_embedded_studio_for_arm_4.22/lib/libc_v7em_t_le_eabi.a(libc2.o)
                0x000000000001cf86                __RAL_ascii_mbtowc
 *fill*         0x000000000001cfaa        0x2 
 .text.libc.__RAL_isctype
                0x000000000001cfac       0x14 /usr/share/segger_embedded_studio_for_arm_4.22/lib/libc_v7em_t_le_eabi.a(libc2.o)
                0x000000000001cfac                __RAL_isctype
 .text.libc.isprint
                0x000000000001cfc0        0xa /usr/share/segger_embedded_studio_for_arm_4.22/lib/libc_v7em_t_le_eabi.a(libc2.o)
                0x000000000001cfc0                isprint
 .text.libc.memcpy
                0x000000000001cfca       0x52 /usr/share/segger_embedded_studio_for_arm_4.22/lib/libc_v7em_t_le_eabi.a(libc2_asm.o)
                0x000000000001cfca                memcpy
                0x000000000001cfca                __aeabi_memcpy
                0x000000000001cfd6                __aeabi_memcpy4
                0x000000000001cfd6                __aeabi_memcpy8
 .text.libc.memset
                0x000000000001d01c       0x66 /usr/share/segger_embedded_studio_for_arm_4.22/lib/libc_v7em_t_le_eabi.a(libc2_asm.o)
                0x000000000001d01c                memset
 .text.libc.strlen
                0x000000000001d082       0x60 /usr/share/segger_embedded_studio_for_arm_4.22/lib/libc_v7em_t_le_eabi.a(libc2_asm.o)
                0x000000000001d082                strlen
                0x000000000001d0e2                __text_end__ = (__text_start__ + SIZEOF (.text))
                0x0000000000003d22                __text_size__ = SIZEOF (.text)
                0x000000000001d0e2                __text_load_end__ = __text_end__

.vfp11_veneer   0x0000000100000000        0x0
 .vfp11_veneer  0x0000000100000000        0x0 linker stubs

.v4_bx          0x0000000100000000        0x0
 .v4_bx         0x0000000100000000        0x0 linker stubs

.iplt           0x0000000100000000        0x0
 .iplt          0x0000000100000000        0x0 Output/ble_app_beacon_pca10040e_s112 Release/Obj/thumb_crt0.o
                0x0000000000000001                . = ASSERT (((__text_start__ == __text_end__) || ((__text_end__ - __FLASH_segment_start__) <= __FLASH_segment_size__)), error: .text is too large to fit in FLASH memory segment)
                0x000000000001d0e4                __sdh_soc_observers_load_start__ = ALIGN (__text_end__, 0x4)

.sdh_soc_observers
                0x000000000001d0e4        0x8
                0x000000000001d0e4                __sdh_soc_observers_start__ = .
                0x000000000001d0e4                __start_sdh_soc_observers = __sdh_soc_observers_start__
 *(SORT_BY_NAME(.sdh_soc_observers*))
 .sdh_soc_observers0
                0x000000000001d0e4        0x8 Output/ble_app_beacon_pca10040e_s112 Release/Obj/nrf_drv_clock.o
                0x000000000001d0ec                __sdh_soc_observers_end__ = (__sdh_soc_observers_start__ + SIZEOF (.sdh_soc_observers))
                0x0000000000000008                __sdh_soc_observers_size__ = SIZEOF (.sdh_soc_observers)
                0x000000000001d0ec                __stop_sdh_soc_observers = __sdh_soc_observers_end__
                0x000000000001d0ec                __sdh_soc_observers_load_end__ = __sdh_soc_observers_end__
                0x0000000000000001                . = ASSERT (((__sdh_soc_observers_start__ == __sdh_soc_observers_end__) || ((__sdh_soc_observers_end__ - __FLASH_segment_start__) <= __FLASH_segment_size__)), error: .sdh_soc_observers is too large to fit in FLASH memory segment)
                0x000000000001d0ec                __sdh_ble_observers_load_start__ = ALIGN (__sdh_soc_observers_end__, 0x4)

.sdh_ble_observers
                0x000000000001d0ec        0x0
                0x000000000001d0ec                __sdh_ble_observers_start__ = .
                0x000000000001d0ec                __start_sdh_ble_observers = __sdh_ble_observers_start__
 *(SORT_BY_NAME(.sdh_ble_observers*))
                0x000000000001d0ec                __sdh_ble_observers_end__ = (__sdh_ble_observers_start__ + SIZEOF (.sdh_ble_observers))
                0x0000000000000000                __sdh_ble_observers_size__ = SIZEOF (.sdh_ble_observers)
                0x000000000001d0ec                __stop_sdh_ble_observers = __sdh_ble_observers_end__
                0x000000000001d0ec                __sdh_ble_observers_load_end__ = __sdh_ble_observers_end__
                0x0000000000000001                . = ASSERT (((__sdh_ble_observers_start__ == __sdh_ble_observers_end__) || ((__sdh_ble_observers_end__ - __FLASH_segment_start__) <= __FLASH_segment_size__)), error: .sdh_ble_observers is too large to fit in FLASH memory segment)
                0x000000000001d0ec                __pwr_mgmt_data_load_start__ = ALIGN (__sdh_ble_observers_end__, 0x4)

.pwr_mgmt_data  0x000000000001d0ec        0x0
                0x000000000001d0ec                __pwr_mgmt_data_start__ = .
                0x000000000001d0ec                __start_pwr_mgmt_data = __pwr_mgmt_data_start__
 *(SORT_BY_NAME(.pwr_mgmt_data*))
                0x000000000001d0ec                __pwr_mgmt_data_end__ = (__pwr_mgmt_data_start__ + SIZEOF (.pwr_mgmt_data))
                0x0000000000000000                __pwr_mgmt_data_size__ = SIZEOF (.pwr_mgmt_data)
                0x000000000001d0ec                __stop_pwr_mgmt_data = __pwr_mgmt_data_end__
                0x000000000001d0ec                __pwr_mgmt_data_load_end__ = __pwr_mgmt_data_end__
                0x0000000000000001                . = ASSERT (((__pwr_mgmt_data_start__ == __pwr_mgmt_data_end__) || ((__pwr_mgmt_data_end__ - __FLASH_segment_start__) <= __FLASH_segment_size__)), error: .pwr_mgmt_data is too large to fit in FLASH memory segment)
                0x000000000001d0ec                __sdh_req_observers_load_start__ = ALIGN (__pwr_mgmt_data_end__, 0x4)

.sdh_req_observers
                0x000000000001d0ec        0x0
                0x000000000001d0ec                __sdh_req_observers_start__ = .
                0x000000000001d0ec                __start_sdh_req_observers = __sdh_req_observers_start__
 *(SORT_BY_NAME(.sdh_req_observers*))
                0x000000000001d0ec                __sdh_req_observers_end__ = (__sdh_req_observers_start__ + SIZEOF (.sdh_req_observers))
                0x0000000000000000                __sdh_req_observers_size__ = SIZEOF (.sdh_req_observers)
                0x000000000001d0ec                __stop_sdh_req_observers = __sdh_req_observers_end__
                0x000000000001d0ec                __sdh_req_observers_load_end__ = __sdh_req_observers_end__
                0x0000000000000001                . = ASSERT (((__sdh_req_observers_start__ == __sdh_req_observers_end__) || ((__sdh_req_observers_end__ - __FLASH_segment_start__) <= __FLASH_segment_size__)), error: .sdh_req_observers is too large to fit in FLASH memory segment)
                0x000000000001d0ec                __sdh_state_observers_load_start__ = ALIGN (__sdh_req_observers_end__, 0x4)

.sdh_state_observers
                0x000000000001d0ec        0x8
                0x000000000001d0ec                __sdh_state_observers_start__ = .
                0x000000000001d0ec                __start_sdh_state_observers = __sdh_state_observers_start__
 *(SORT_BY_NAME(.sdh_state_observers*))
 .sdh_state_observers0
                0x000000000001d0ec        0x8 Output/ble_app_beacon_pca10040e_s112 Release/Obj/nrf_drv_clock.o
                0x000000000001d0f4                __sdh_state_observers_end__ = (__sdh_state_observers_start__ + SIZEOF (.sdh_state_observers))
                0x0000000000000008                __sdh_state_observers_size__ = SIZEOF (.sdh_state_observers)
                0x000000000001d0f4                __stop_sdh_state_observers = __sdh_state_observers_end__
                0x000000000001d0f4                __sdh_state_observers_load_end__ = __sdh_state_observers_end__
                0x0000000000000001                . = ASSERT (((__sdh_state_observers_start__ == __sdh_state_observers_end__) || ((__sdh_state_observers_end__ - __FLASH_segment_start__) <= __FLASH_segment_size__)), error: .sdh_state_observers is too large to fit in FLASH memory segment)
                0x000000000001d0f4                __sdh_stack_observers_load_start__ = ALIGN (__sdh_state_observers_end__, 0x4)

.sdh_stack_observers
                0x000000000001d0f4       0x10
                0x000000000001d0f4                __sdh_stack_observers_start__ = .
                0x000000000001d0f4                __start_sdh_stack_observers = __sdh_stack_observers_start__
 *(SORT_BY_NAME(.sdh_stack_observers*))
 .sdh_stack_observers0
                0x000000000001d0f4        0x8 Output/ble_app_beacon_pca10040e_s112 Release/Obj/nrf_sdh_ble.o
 .sdh_stack_observers0
                0x000000000001d0fc        0x8 Output/ble_app_beacon_pca10040e_s112 Release/Obj/nrf_sdh_soc.o
                0x000000000001d104                __sdh_stack_observers_end__ = (__sdh_stack_observers_start__ + SIZEOF (.sdh_stack_observers))
                0x0000000000000010                __sdh_stack_observers_size__ = SIZEOF (.sdh_stack_observers)
                0x000000000001d104                __stop_sdh_stack_observers = __sdh_stack_observers_end__
                0x000000000001d104                __sdh_stack_observers_load_end__ = __sdh_stack_observers_end__
                0x0000000000000001                . = ASSERT (((__sdh_stack_observers_start__ == __sdh_stack_observers_end__) || ((__sdh_stack_observers_end__ - __FLASH_segment_start__) <= __FLASH_segment_size__)), error: .sdh_stack_observers is too large to fit in FLASH memory segment)
                0x000000000001d104                __nrf_queue_load_start__ = ALIGN (__sdh_stack_observers_end__, 0x4)

.nrf_queue      0x000000000001d104        0x0
                0x000000000001d104                __nrf_queue_start__ = .
                0x000000000001d104                __start_nrf_queue = __nrf_queue_start__
 *(.nrf_queue*)
                0x000000000001d104                __nrf_queue_end__ = (__nrf_queue_start__ + SIZEOF (.nrf_queue))
                0x0000000000000000                __nrf_queue_size__ = SIZEOF (.nrf_queue)
                0x000000000001d104                __stop_nrf_queue = __nrf_queue_end__
                0x000000000001d104                __nrf_queue_load_end__ = __nrf_queue_end__
                0x0000000000000001                . = ASSERT (((__nrf_queue_start__ == __nrf_queue_end__) || ((__nrf_queue_end__ - __FLASH_segment_start__) <= __FLASH_segment_size__)), error: .nrf_queue is too large to fit in FLASH memory segment)
                0x000000000001d104                __nrf_balloc_load_start__ = ALIGN (__nrf_queue_end__, 0x4)

.nrf_balloc     0x000000000001d104       0x14
                0x000000000001d104                __nrf_balloc_start__ = .
                0x000000000001d104                __start_nrf_balloc = __nrf_balloc_start__
 *(.nrf_balloc*)
 .nrf_balloc    0x000000000001d104       0x14 Output/ble_app_beacon_pca10040e_s112 Release/Obj/nrf_log_frontend.o
                0x000000000001d104                log_mempool
                0x000000000001d118                __nrf_balloc_end__ = (__nrf_balloc_start__ + SIZEOF (.nrf_balloc))
                0x0000000000000014                __nrf_balloc_size__ = SIZEOF (.nrf_balloc)
                0x000000000001d118                __stop_nrf_balloc = __nrf_balloc_end__
                0x000000000001d118                __nrf_balloc_load_end__ = __nrf_balloc_end__
                0x0000000000000001                . = ASSERT (((__nrf_balloc_start__ == __nrf_balloc_end__) || ((__nrf_balloc_end__ - __FLASH_segment_start__) <= __FLASH_segment_size__)), error: .nrf_balloc is too large to fit in FLASH memory segment)
                0x000000000001d118                __cli_command_load_start__ = ALIGN (__nrf_balloc_end__, 0x4)

.cli_command    0x000000000001d118        0x0
                0x000000000001d118                __cli_command_start__ = .
                0x000000000001d118                __start_cli_command = __cli_command_start__
 *(.cli_command*)
                0x000000000001d118                __cli_command_end__ = (__cli_command_start__ + SIZEOF (.cli_command))
                0x0000000000000000                __cli_command_size__ = SIZEOF (.cli_command)
                0x000000000001d118                __stop_cli_command = __cli_command_end__
                0x000000000001d118                __cli_command_load_end__ = __cli_command_end__
                0x0000000000000001                . = ASSERT (((__cli_command_start__ == __cli_command_end__) || ((__cli_command_end__ - __FLASH_segment_start__) <= __FLASH_segment_size__)), error: .cli_command is too large to fit in FLASH memory segment)
                0x000000000001d118                __crypto_data_load_start__ = ALIGN (__cli_command_end__, 0x4)

.crypto_data    0x000000000001d118        0x0
                0x000000000001d118                __crypto_data_start__ = .
                0x000000000001d118                __start_crypto_data = __crypto_data_start__
 *(SORT_BY_NAME(.crypto_data*))
                0x000000000001d118                __crypto_data_end__ = (__crypto_data_start__ + SIZEOF (.crypto_data))
                0x0000000000000000                __crypto_data_size__ = SIZEOF (.crypto_data)
                0x000000000001d118                __stop_crypto_data = __crypto_data_end__
                0x000000000001d118                __crypto_data_load_end__ = __crypto_data_end__
                0x0000000000000001                . = ASSERT (((__crypto_data_start__ == __crypto_data_end__) || ((__crypto_data_end__ - __FLASH_segment_start__) <= __FLASH_segment_size__)), error: .crypto_data is too large to fit in FLASH memory segment)
                0x000000000001d118                __log_const_data_load_start__ = ALIGN (__crypto_data_end__, 0x4)

.log_const_data
                0x000000000001d118       0x58
                0x000000000001d118                __log_const_data_start__ = .
                0x000000000001d118                __start_log_const_data = __log_const_data_start__
 *(SORT_BY_NAME(.log_const_data*))
 .log_const_data_CLOCK
                0x000000000001d118        0x8 Output/ble_app_beacon_pca10040e_s112 Release/Obj/nrfx_clock.o
                0x000000000001d118                m_nrf_log_CLOCK_logs_data_const
 .log_const_data_GPIOTE
                0x000000000001d120        0x8 Output/ble_app_beacon_pca10040e_s112 Release/Obj/nrfx_gpiote.o
                0x000000000001d120                m_nrf_log_GPIOTE_logs_data_const
 .log_const_data_PRS
                0x000000000001d128        0x8 Output/ble_app_beacon_pca10040e_s112 Release/Obj/nrfx_prs.o
                0x000000000001d128                m_nrf_log_PRS_logs_data_const
 .log_const_data_UART
                0x000000000001d130        0x8 Output/ble_app_beacon_pca10040e_s112 Release/Obj/nrfx_uart.o
                0x000000000001d130                m_nrf_log_UART_logs_data_const
 .log_const_data_UARTE
                0x000000000001d138        0x8 Output/ble_app_beacon_pca10040e_s112 Release/Obj/nrfx_uarte.o
                0x000000000001d138                m_nrf_log_UARTE_logs_data_const
 .log_const_data_app
                0x000000000001d140        0x8 Output/ble_app_beacon_pca10040e_s112 Release/Obj/nrf_log_frontend.o
                0x000000000001d140                m_nrf_log_app_logs_data_const
 .log_const_data_clock
                0x000000000001d148        0x8 Output/ble_app_beacon_pca10040e_s112 Release/Obj/nrf_drv_clock.o
                0x000000000001d148                m_nrf_log_clock_logs_data_const
 .log_const_data_nrf_sdh
                0x000000000001d150        0x8 Output/ble_app_beacon_pca10040e_s112 Release/Obj/nrf_sdh.o
                0x000000000001d150                m_nrf_log_nrf_sdh_logs_data_const
 .log_const_data_nrf_sdh_ble
                0x000000000001d158        0x8 Output/ble_app_beacon_pca10040e_s112 Release/Obj/nrf_sdh_ble.o
                0x000000000001d158                m_nrf_log_nrf_sdh_ble_logs_data_const
 .log_const_data_nrf_sdh_soc
                0x000000000001d160        0x8 Output/ble_app_beacon_pca10040e_s112 Release/Obj/nrf_sdh_soc.o
                0x000000000001d160                m_nrf_log_nrf_sdh_soc_logs_data_const
 .log_const_data_pwr_mgmt
                0x000000000001d168        0x8 Output/ble_app_beacon_pca10040e_s112 Release/Obj/nrf_pwr_mgmt.o
                0x000000000001d168                m_nrf_log_pwr_mgmt_logs_data_const
                0x000000000001d170                __log_const_data_end__ = (__log_const_data_start__ + SIZEOF (.log_const_data))
                0x0000000000000058                __log_const_data_size__ = SIZEOF (.log_const_data)
                0x000000000001d170                __stop_log_const_data = __log_const_data_end__
                0x000000000001d170                __log_const_data_load_end__ = __log_const_data_end__
                0x0000000000000001                . = ASSERT (((__log_const_data_start__ == __log_const_data_end__) || ((__log_const_data_end__ - __FLASH_segment_start__) <= __FLASH_segment_size__)), error: .log_const_data is too large to fit in FLASH memory segment)
                0x000000000001d170                __log_backends_load_start__ = ALIGN (__log_const_data_end__, 0x4)

.log_backends   0x000000000001d170       0x10
                0x000000000001d170                __log_backends_start__ = .
                0x000000000001d170                __start_log_backends = __log_backends_start__
 *(SORT_BY_NAME(.log_backends*))
 .log_backends  0x000000000001d170       0x10 Output/ble_app_beacon_pca10040e_s112 Release/Obj/nrf_log_default_backends.o
                0x000000000001d180                __log_backends_end__ = (__log_backends_start__ + SIZEOF (.log_backends))
                0x0000000000000010                __log_backends_size__ = SIZEOF (.log_backends)
                0x000000000001d180                __stop_log_backends = __log_backends_end__
                0x000000000001d180                __log_backends_load_end__ = __log_backends_end__
                0x0000000000000001                . = ASSERT (((__log_backends_start__ == __log_backends_end__) || ((__log_backends_end__ - __FLASH_segment_start__) <= __FLASH_segment_size__)), error: .log_backends is too large to fit in FLASH memory segment)
                0x000000000001d180                __nrf_sections_load_start__ = ALIGN (__log_backends_end__, 0x4)

.nrf_sections   0x000000000001d180        0x0
                0x000000000001d180                __nrf_sections_start__ = .
                0x000000000001d180                __start_nrf_sections = __nrf_sections_start__
 *(.nrf_sections .nrf_sections.*)
                0x000000000001d180                __nrf_sections_end__ = (__nrf_sections_start__ + SIZEOF (.nrf_sections))
                0x0000000000000000                __nrf_sections_size__ = SIZEOF (.nrf_sections)
                0x000000000001d180                __nrf_sections_load_end__ = __nrf_sections_end__
                0x0000000000000001                . = ASSERT (((__nrf_sections_start__ == __nrf_sections_end__) || ((__nrf_sections_end__ - __FLASH_segment_start__) <= __FLASH_segment_size__)), error: .nrf_sections is too large to fit in FLASH memory segment)
                0x000000000001d180                __cli_sorted_cmd_ptrs_load_start__ = ALIGN (__nrf_sections_end__, 0x4)

.cli_sorted_cmd_ptrs
                0x0000000020001210        0x0 load address 0x000000000001d180
                0x0000000020001210                __cli_sorted_cmd_ptrs_start__ = .
 *(.cli_sorted_cmd_ptrs*)
                0x0000000020001210                __cli_sorted_cmd_ptrs_end__ = (__cli_sorted_cmd_ptrs_start__ + SIZEOF (.cli_sorted_cmd_ptrs))
                0x0000000000000000                __cli_sorted_cmd_ptrs_size__ = SIZEOF (.cli_sorted_cmd_ptrs)
                0x000000000001d180                __cli_sorted_cmd_ptrs_load_end__ = (__cli_sorted_cmd_ptrs_load_start__ + SIZEOF (.cli_sorted_cmd_ptrs))
                0x0000000000000001                . = ASSERT (((__cli_sorted_cmd_ptrs_load_start__ == __cli_sorted_cmd_ptrs_load_end__) || ((__cli_sorted_cmd_ptrs_load_end__ - __FLASH_segment_start__) <= __FLASH_segment_size__)), error: .cli_sorted_cmd_ptrs is too large to fit in FLASH memory segment)

.cli_sorted_cmd_ptrs_run
                0x0000000020001210        0x0
                0x0000000020001210                __cli_sorted_cmd_ptrs_run_start__ = .
                0x0000000020001210                __start_cli_sorted_cmd_ptrs = __cli_sorted_cmd_ptrs_run_start__
                0x0000000020001210                . = MAX ((__cli_sorted_cmd_ptrs_run_start__ + SIZEOF (.cli_sorted_cmd_ptrs)), .)
                0x0000000020001210                __cli_sorted_cmd_ptrs_run_end__ = (__cli_sorted_cmd_ptrs_run_start__ + SIZEOF (.cli_sorted_cmd_ptrs_run))
                0x0000000000000000                __cli_sorted_cmd_ptrs_run_size__ = SIZEOF (.cli_sorted_cmd_ptrs_run)
                0x0000000020001210                __stop_cli_sorted_cmd_ptrs = __cli_sorted_cmd_ptrs_run_end__
                0x0000000020001210                __cli_sorted_cmd_ptrs_run_load_end__ = __cli_sorted_cmd_ptrs_run_end__
                0x0000000000000001                . = ASSERT (((__cli_sorted_cmd_ptrs_run_start__ == __cli_sorted_cmd_ptrs_run_end__) || ((__cli_sorted_cmd_ptrs_run_end__ - __RAM_segment_start__) <= __RAM_segment_size__)), error: .cli_sorted_cmd_ptrs_run is too large to fit in RAM memory segment)
                0x000000000001d180                __fs_data_load_start__ = ALIGN ((__cli_sorted_cmd_ptrs_load_start__ + SIZEOF (.cli_sorted_cmd_ptrs)), 0x4)

.fs_data        0x0000000020001210        0x0 load address 0x000000000001d180
                0x0000000020001210                __fs_data_start__ = .
 *(.fs_data*)
                0x0000000020001210                __fs_data_end__ = (__fs_data_start__ + SIZEOF (.fs_data))
                0x0000000000000000                __fs_data_size__ = SIZEOF (.fs_data)
                0x000000000001d180                __fs_data_load_end__ = (__fs_data_load_start__ + SIZEOF (.fs_data))
                0x0000000000000001                . = ASSERT (((__fs_data_load_start__ == __fs_data_load_end__) || ((__fs_data_load_end__ - __FLASH_segment_start__) <= __FLASH_segment_size__)), error: .fs_data is too large to fit in FLASH memory segment)

.fs_data_run    0x0000000020001210        0x0
                0x0000000020001210                __fs_data_run_start__ = .
                0x0000000020001210                __start_fs_data = __fs_data_run_start__
                0x0000000020001210                . = MAX ((__fs_data_run_start__ + SIZEOF (.fs_data)), .)
                0x0000000020001210                __fs_data_run_end__ = (__fs_data_run_start__ + SIZEOF (.fs_data_run))
                0x0000000000000000                __fs_data_run_size__ = SIZEOF (.fs_data_run)
                0x0000000020001210                __stop_fs_data = __fs_data_run_end__
                0x0000000020001210                __fs_data_run_load_end__ = __fs_data_run_end__
                0x0000000000000001                . = ASSERT (((__fs_data_run_start__ == __fs_data_run_end__) || ((__fs_data_run_end__ - __RAM_segment_start__) <= __RAM_segment_size__)), error: .fs_data_run is too large to fit in RAM memory segment)
                0x000000000001d180                __log_dynamic_data_load_start__ = ALIGN ((__fs_data_load_start__ + SIZEOF (.fs_data)), 0x4)

.log_dynamic_data
                0x0000000020001210        0x0 load address 0x000000000001d180
                0x0000000020001210                __log_dynamic_data_start__ = .
 *(SORT_BY_NAME(.log_dynamic_data*))
                0x0000000020001210                __log_dynamic_data_end__ = (__log_dynamic_data_start__ + SIZEOF (.log_dynamic_data))
                0x0000000000000000                __log_dynamic_data_size__ = SIZEOF (.log_dynamic_data)
                0x000000000001d180                __log_dynamic_data_load_end__ = (__log_dynamic_data_load_start__ + SIZEOF (.log_dynamic_data))
                0x0000000000000001                . = ASSERT (((__log_dynamic_data_load_start__ == __log_dynamic_data_load_end__) || ((__log_dynamic_data_load_end__ - __FLASH_segment_start__) <= __FLASH_segment_size__)), error: .log_dynamic_data is too large to fit in FLASH memory segment)

.log_dynamic_data_run
                0x0000000020001210        0x0
                0x0000000020001210                __log_dynamic_data_run_start__ = .
                0x0000000020001210                __start_log_dynamic_data = __log_dynamic_data_run_start__
                0x0000000020001210                . = MAX ((__log_dynamic_data_run_start__ + SIZEOF (.log_dynamic_data)), .)
                0x0000000020001210                __log_dynamic_data_run_end__ = (__log_dynamic_data_run_start__ + SIZEOF (.log_dynamic_data_run))
                0x0000000000000000                __log_dynamic_data_run_size__ = SIZEOF (.log_dynamic_data_run)
                0x0000000020001210                __stop_log_dynamic_data = __log_dynamic_data_run_end__
                0x0000000020001210                __log_dynamic_data_run_load_end__ = __log_dynamic_data_run_end__
                0x0000000000000001                . = ASSERT (((__log_dynamic_data_run_start__ == __log_dynamic_data_run_end__) || ((__log_dynamic_data_run_end__ - __RAM_segment_start__) <= __RAM_segment_size__)), error: .log_dynamic_data_run is too large to fit in RAM memory segment)
                0x000000000001d180                __log_filter_data_load_start__ = ALIGN ((__log_dynamic_data_load_start__ + SIZEOF (.log_dynamic_data)), 0x4)

.log_filter_data
                0x0000000020001210        0x0 load address 0x000000000001d180
                0x0000000020001210                __log_filter_data_start__ = .
 *(SORT_BY_NAME(.log_filter_data*))
                0x0000000020001210                __log_filter_data_end__ = (__log_filter_data_start__ + SIZEOF (.log_filter_data))
                0x0000000000000000                __log_filter_data_size__ = SIZEOF (.log_filter_data)
                0x000000000001d180                __log_filter_data_load_end__ = (__log_filter_data_load_start__ + SIZEOF (.log_filter_data))
                0x0000000000000001                . = ASSERT (((__log_filter_data_load_start__ == __log_filter_data_load_end__) || ((__log_filter_data_load_end__ - __FLASH_segment_start__) <= __FLASH_segment_size__)), error: .log_filter_data is too large to fit in FLASH memory segment)

.log_filter_data_run
                0x0000000020001210        0x0
                0x0000000020001210                __log_filter_data_run_start__ = .
                0x0000000020001210                __start_log_filter_data = __log_filter_data_run_start__
                0x0000000020001210                . = MAX ((__log_filter_data_run_start__ + SIZEOF (.log_filter_data)), .)
                0x0000000020001210                __log_filter_data_run_end__ = (__log_filter_data_run_start__ + SIZEOF (.log_filter_data_run))
                0x0000000000000000                __log_filter_data_run_size__ = SIZEOF (.log_filter_data_run)
                0x0000000020001210                __stop_log_filter_data = __log_filter_data_run_end__
                0x0000000020001210                __log_filter_data_run_load_end__ = __log_filter_data_run_end__
                0x0000000000000001                . = ASSERT (((__log_filter_data_run_start__ == __log_filter_data_run_end__) || ((__log_filter_data_run_end__ - __RAM_segment_start__) <= __RAM_segment_size__)), error: .log_filter_data_run is too large to fit in RAM memory segment)
                0x0000000020001210                __nrf_sections_run_end_load_start__ = ALIGN (__log_filter_data_run_end__, 0x4)

.nrf_sections_run_end
                0x0000000020001210        0x0
                0x0000000020001210                __nrf_sections_run_end_start__ = .
                0x0000000020001210                __end_nrf_sections_run = __nrf_sections_run_end_start__
 *(.nrf_sections_run_end .nrf_sections_run_end.*)
                0x0000000020001210                __nrf_sections_run_end_end__ = (__nrf_sections_run_end_start__ + SIZEOF (.nrf_sections_run_end))
                0x0000000000000000                __nrf_sections_run_end_size__ = SIZEOF (.nrf_sections_run_end)
                0x0000000020001210                __nrf_sections_run_end_load_end__ = __nrf_sections_run_end_end__
                0x0000000000000001                . = ASSERT (((__nrf_sections_run_end_start__ == __nrf_sections_run_end_end__) || ((__nrf_sections_run_end_end__ - __RAM_segment_start__) <= __RAM_segment_size__)), error: .nrf_sections_run_end is too large to fit in RAM memory segment)
                0x000000000001d180                __dtors_load_start__ = ALIGN ((__log_filter_data_load_start__ + SIZEOF (.log_filter_data)), 0x4)

.dtors          0x000000000001d180        0x0
                0x000000000001d180                __dtors_start__ = .
 *(SORT_BY_NAME(.dtors.*))
 *(.dtors)
 *(.fini_array)
 *(SORT_BY_NAME(.fini_array.*))
                0x000000000001d180                __dtors_end__ = (__dtors_start__ + SIZEOF (.dtors))
                0x0000000000000000                __dtors_size__ = SIZEOF (.dtors)
                0x000000000001d180                __dtors_load_end__ = __dtors_end__
                0x0000000000000001                . = ASSERT (((__dtors_start__ == __dtors_end__) || ((__dtors_end__ - __FLASH_segment_start__) <= __FLASH_segment_size__)), error: .dtors is too large to fit in FLASH memory segment)
                0x000000000001d180                __ctors_load_start__ = ALIGN (__dtors_end__, 0x4)

.ctors          0x000000000001d180        0x0
                0x000000000001d180                __ctors_start__ = .
 *(SORT_BY_NAME(.ctors.*))
 *(.ctors)
 *(.init_array)
 *(SORT_BY_NAME(.init_array.*))
                0x000000000001d180                __ctors_end__ = (__ctors_start__ + SIZEOF (.ctors))
                0x0000000000000000                __ctors_size__ = SIZEOF (.ctors)
                0x000000000001d180                __ctors_load_end__ = __ctors_end__
                0x0000000000000001                . = ASSERT (((__ctors_start__ == __ctors_end__) || ((__ctors_end__ - __FLASH_segment_start__) <= __FLASH_segment_size__)), error: .ctors is too large to fit in FLASH memory segment)
                0x000000000001d180                __rodata_load_start__ = ALIGN (__ctors_end__, 0x4)

.rodata         0x000000000001d180      0xbbc
                0x000000000001d180                __rodata_start__ = .
 *(.rodata .rodata.* .gnu.linkonce.r.*)
 .rodata        0x000000000001d180       0x20 Output/ble_app_beacon_pca10040e_s112 Release/Obj/nrf_log_backend_uart.o
 .rodata.nrf_log_backend_uart_api
                0x000000000001d1a0        0xc Output/ble_app_beacon_pca10040e_s112 Release/Obj/nrf_log_backend_uart.o
                0x000000000001d1a0                nrf_log_backend_uart_api
 .rodata.str1.1
                0x000000000001d1ac       0x11 Output/ble_app_beacon_pca10040e_s112 Release/Obj/nrf_log_default_backends.o
 *fill*         0x000000000001d1bd        0x3 
 .rodata.m_log_push_ringbuf
                0x000000000001d1c0        0xc Output/ble_app_beacon_pca10040e_s112 Release/Obj/nrf_log_frontend.o
 .rodata.nrf_log_frontend_dequeue.str1.1
                0x000000000001d1cc       0x11 Output/ble_app_beacon_pca10040e_s112 Release/Obj/nrf_log_frontend.o
 .rodata.str1.1
                0x000000000001d1dd        0x4 Output/ble_app_beacon_pca10040e_s112 Release/Obj/nrf_log_frontend.o
 *fill*         0x000000000001d1e1        0x3 
 .rodata.m_colors
                0x000000000001d1e4       0x24 Output/ble_app_beacon_pca10040e_s112 Release/Obj/nrf_log_str_formatter.o
 .rodata.nrf_log_hexdump_entry_process.str1.1
                0x000000000001d208        0xf Output/ble_app_beacon_pca10040e_s112 Release/Obj/nrf_log_str_formatter.o
                                         0x11 (size before relaxing)
 .rodata.postfix_process.str1.1
                0x000000000001d217        0x8 Output/ble_app_beacon_pca10040e_s112 Release/Obj/nrf_log_str_formatter.o
                                          0xb (size before relaxing)
 .rodata.prefix_process.str1.1
                0x000000000001d21f       0x2a Output/ble_app_beacon_pca10040e_s112 Release/Obj/nrf_log_str_formatter.o
 *fill*         0x000000000001d249        0x3 
 .rodata.severity_names
                0x000000000001d24c       0x14 Output/ble_app_beacon_pca10040e_s112 Release/Obj/nrf_log_str_formatter.o
 .rodata.str1.1
                0x000000000001d260       0x4b Output/ble_app_beacon_pca10040e_s112 Release/Obj/nrf_log_str_formatter.o
                                         0x51 (size before relaxing)
 *fill*         0x000000000001d2ab        0x1 
 .rodata.m_detection_delay_timer_id
                0x000000000001d2ac        0x4 Output/ble_app_beacon_pca10040e_s112 Release/Obj/app_button.o
 .rodata.app_error_fault_handler.str1.1
                0x000000000001d2b0       0x19 Output/ble_app_beacon_pca10040e_s112 Release/Obj/app_error_weak.o
 *fill*         0x000000000001d2c9        0x7 
 .rodata.delay_machine_code.6794
                0x000000000001d2d0        0x6 Output/ble_app_beacon_pca10040e_s112 Release/Obj/app_timer.o
 .rodata._aV2C.6002
                0x000000000001d2d6       0x10 Output/ble_app_beacon_pca10040e_s112 Release/Obj/nrf_fprintf_format.o
 *fill*         0x000000000001d2e6        0x2 
 .rodata.pwr_mgmt_data
                0x000000000001d2e8        0xc Output/ble_app_beacon_pca10040e_s112 Release/Obj/nrf_pwr_mgmt.o
 .rodata.str1.1
                0x000000000001d2f4        0x9 Output/ble_app_beacon_pca10040e_s112 Release/Obj/nrf_pwr_mgmt.o
 .rodata.m_unknown_str
                0x000000000001d2fd       0x13 Output/ble_app_beacon_pca10040e_s112 Release/Obj/nrf_strerror.o
 .rodata.nrf_strerror_array
                0x000000000001d310      0x128 Output/ble_app_beacon_pca10040e_s112 Release/Obj/nrf_strerror.o
 .rodata.str1.1
                0x000000000001d438      0x3ba Output/ble_app_beacon_pca10040e_s112 Release/Obj/nrf_strerror.o
 .rodata.m_board_led_list
                0x000000000001d7f2        0x4 Output/ble_app_beacon_pca10040e_s112 Release/Obj/boards.o
 .rodata.str1.1
                0x000000000001d7f6        0x6 Output/ble_app_beacon_pca10040e_s112 Release/Obj/nrf_drv_clock.o
 .rodata.str1.1
                0x000000000001d7fc        0x6 Output/ble_app_beacon_pca10040e_s112 Release/Obj/nrfx_clock.o
 .rodata.str1.1
                0x000000000001d802        0x7 Output/ble_app_beacon_pca10040e_s112 Release/Obj/nrfx_gpiote.o
 .rodata.str1.1
                0x000000000001d809        0x4 Output/ble_app_beacon_pca10040e_s112 Release/Obj/nrfx_prs.o
 .rodata.str1.1
                0x000000000001d80d        0x5 Output/ble_app_beacon_pca10040e_s112 Release/Obj/nrfx_uart.o
 .rodata.str1.1
                0x000000000001d812        0x6 Output/ble_app_beacon_pca10040e_s112 Release/Obj/nrfx_uarte.o
 .rodata.app_buttons
                0x000000000001d818       0x20 Output/ble_app_beacon_pca10040e_s112 Release/Obj/bsp.o
 .rodata.m_bsp_alert_tmr
                0x000000000001d838        0x4 Output/ble_app_beacon_pca10040e_s112 Release/Obj/bsp.o
 .rodata.m_bsp_button_tmr
                0x000000000001d83c        0x4 Output/ble_app_beacon_pca10040e_s112 Release/Obj/bsp.o
 .rodata.m_bsp_leds_tmr
                0x000000000001d840        0x4 Output/ble_app_beacon_pca10040e_s112 Release/Obj/bsp.o
 *fill*         0x000000000001d844        0xc 
 .rodata.delay_machine_code.6462
                0x000000000001d850        0x6 Output/ble_app_beacon_pca10040e_s112 Release/Obj/main.o
 .rodata.main.str1.1
                0x000000000001d856       0x18 Output/ble_app_beacon_pca10040e_s112 Release/Obj/main.o
 .rodata        0x000000000001d86e        0x4 Output/ble_app_beacon_pca10040e_s112 Release/Obj/nrf_sdh.o
 *fill*         0x000000000001d872        0x2 
 .rodata.sdh_req_observers
                0x000000000001d874        0xc Output/ble_app_beacon_pca10040e_s112 Release/Obj/nrf_sdh.o
 .rodata.sdh_stack_observers
                0x000000000001d880        0xc Output/ble_app_beacon_pca10040e_s112 Release/Obj/nrf_sdh.o
 .rodata.sdh_state_observers
                0x000000000001d88c        0xc Output/ble_app_beacon_pca10040e_s112 Release/Obj/nrf_sdh.o
 .rodata.str1.1
                0x000000000001d898        0x8 Output/ble_app_beacon_pca10040e_s112 Release/Obj/nrf_sdh.o
 .rodata.nrf_sdh_ble_default_cfg_set.str1.1
                0x000000000001d8a0      0x182 Output/ble_app_beacon_pca10040e_s112 Release/Obj/nrf_sdh_ble.o
 .rodata.nrf_sdh_ble_enable.str1.1
                0x000000000001da22       0xa7 Output/ble_app_beacon_pca10040e_s112 Release/Obj/nrf_sdh_ble.o
 *fill*         0x000000000001dac9        0x3 
 .rodata.sdh_ble_observers
                0x000000000001dacc        0xc Output/ble_app_beacon_pca10040e_s112 Release/Obj/nrf_sdh_ble.o
 .rodata.str1.1
                0x000000000001dad8        0xc Output/ble_app_beacon_pca10040e_s112 Release/Obj/nrf_sdh_ble.o
 .rodata.sdh_soc_observers
                0x000000000001dae4        0xc Output/ble_app_beacon_pca10040e_s112 Release/Obj/nrf_sdh_soc.o
 .rodata.str1.1
                0x000000000001daf0        0xc Output/ble_app_beacon_pca10040e_s112 Release/Obj/nrf_sdh_soc.o
 .rodata.libc.__RAL_ascii_ctype_map
                0x000000000001dafc       0x80 /usr/share/segger_embedded_studio_for_arm_4.22/lib/libc_v7em_t_le_eabi.a(libc2.o)
                0x000000000001dafc                __RAL_ascii_ctype_map
 .rodata.libc.__RAL_ascii_ctype_mask
                0x000000000001db7c        0xd /usr/share/segger_embedded_studio_for_arm_4.22/lib/libc_v7em_t_le_eabi.a(libc2.o)
 *fill*         0x000000000001db89        0x3 
 .rodata.libc.__RAL_c_locale
                0x000000000001db8c        0xc /usr/share/segger_embedded_studio_for_arm_4.22/lib/libc_v7em_t_le_eabi.a(libc2.o)
                0x000000000001db8c                __RAL_c_locale
 .rodata.libc.__RAL_c_locale_abbrev_day_names
                0x000000000001db98       0x1d /usr/share/segger_embedded_studio_for_arm_4.22/lib/libc_v7em_t_le_eabi.a(libc2.o)
                0x000000000001db98                __RAL_c_locale_abbrev_day_names
 *fill*         0x000000000001dbb5        0x3 
 .rodata.libc.__RAL_c_locale_abbrev_month_names
                0x000000000001dbb8       0x31 /usr/share/segger_embedded_studio_for_arm_4.22/lib/libc_v7em_t_le_eabi.a(libc2.o)
                0x000000000001dbb8                __RAL_c_locale_abbrev_month_names
 *fill*         0x000000000001dbe9        0x3 
 .rodata.libc.__RAL_c_locale_am_pm_indicator
                0x000000000001dbec        0x7 /usr/share/segger_embedded_studio_for_arm_4.22/lib/libc_v7em_t_le_eabi.a(libc2.o)
                0x000000000001dbec                __RAL_c_locale_am_pm_indicator
 *fill*         0x000000000001dbf3        0x1 
 .rodata.libc.__RAL_c_locale_data
                0x000000000001dbf4       0x58 /usr/share/segger_embedded_studio_for_arm_4.22/lib/libc_v7em_t_le_eabi.a(libc2.o)
                0x000000000001dbf4                __RAL_c_locale_data
 .rodata.libc.__RAL_c_locale_date_format
                0x000000000001dc4c        0x9 /usr/share/segger_embedded_studio_for_arm_4.22/lib/libc_v7em_t_le_eabi.a(libc2.o)
                0x000000000001dc4c                __RAL_c_locale_date_format
 *fill*         0x000000000001dc55        0x3 
 .rodata.libc.__RAL_c_locale_date_time_format
                0x000000000001dc58        0xf /usr/share/segger_embedded_studio_for_arm_4.22/lib/libc_v7em_t_le_eabi.a(libc2.o)
                0x000000000001dc58                __RAL_c_locale_date_time_format
 *fill*         0x000000000001dc67        0x1 
 .rodata.libc.__RAL_c_locale_day_names
                0x000000000001dc68       0x3a /usr/share/segger_embedded_studio_for_arm_4.22/lib/libc_v7em_t_le_eabi.a(libc2.o)
                0x000000000001dc68                __RAL_c_locale_day_names
 *fill*         0x000000000001dca2        0x2 
 .rodata.libc.__RAL_c_locale_month_names
                0x000000000001dca4       0x57 /usr/share/segger_embedded_studio_for_arm_4.22/lib/libc_v7em_t_le_eabi.a(libc2.o)
                0x000000000001dca4                __RAL_c_locale_month_names
 *fill*         0x000000000001dcfb        0x1 
 .rodata.libc.__RAL_c_locale_time_format
                0x000000000001dcfc        0x9 /usr/share/segger_embedded_studio_for_arm_4.22/lib/libc_v7em_t_le_eabi.a(libc2.o)
                0x000000000001dcfc                __RAL_c_locale_time_format
 *fill*         0x000000000001dd05        0x3 
 .rodata.libc.__RAL_codeset_ascii
                0x000000000001dd08       0x20 /usr/share/segger_embedded_studio_for_arm_4.22/lib/libc_v7em_t_le_eabi.a(libc2.o)
                0x000000000001dd08                __RAL_codeset_ascii
 .rodata.libc.__RAL_data_empty_string
                0x000000000001dd28        0x1 /usr/share/segger_embedded_studio_for_arm_4.22/lib/libc_v7em_t_le_eabi.a(libc2.o)
                0x000000000001dd28                __RAL_data_empty_string
 *fill*         0x000000000001dd29        0x3 
 .rodata.libc.__RAL_data_utf8_period
                0x000000000001dd2c        0x2 /usr/share/segger_embedded_studio_for_arm_4.22/lib/libc_v7em_t_le_eabi.a(libc2.o)
                0x000000000001dd2c                __RAL_data_utf8_period
 *fill*         0x000000000001dd2e        0x2 
 .rodata.libc.__RAL_find_locale.str1.4
                0x000000000001dd30        0xc /usr/share/segger_embedded_studio_for_arm_4.22/lib/libc_v7em_t_le_eabi.a(libc2.o)
                                          0xa (size before relaxing)
                0x000000000001dd3c                __rodata_end__ = (__rodata_start__ + SIZEOF (.rodata))
                0x0000000000000bbc                __rodata_size__ = SIZEOF (.rodata)
                0x000000000001dd3c                __rodata_load_end__ = __rodata_end__

.rel.dyn        0x000000000001dd3c        0x0
 .rel.iplt      0x000000000001dd3c        0x0 Output/ble_app_beacon_pca10040e_s112 Release/Obj/thumb_crt0.o
                0x0000000000000001                . = ASSERT (((__rodata_start__ == __rodata_end__) || ((__rodata_end__ - __FLASH_segment_start__) <= __FLASH_segment_size__)), error: .rodata is too large to fit in FLASH memory segment)
                0x000000000001dd3c                __ARM.exidx_load_start__ = ALIGN (__rodata_end__, 0x4)

.ARM.exidx      0x000000000001dd3c        0x0
                0x000000000001dd3c                __ARM.exidx_start__ = .
                0x000000000001dd3c                __exidx_start = __ARM.exidx_start__
 *(.ARM.exidx .ARM.exidx.*)
                0x000000000001dd3c                __ARM.exidx_end__ = (__ARM.exidx_start__ + SIZEOF (.ARM.exidx))
                0x0000000000000000                __ARM.exidx_size__ = SIZEOF (.ARM.exidx)
                0x000000000001dd3c                __exidx_end = __ARM.exidx_end__
                0x000000000001dd3c                __ARM.exidx_load_end__ = __ARM.exidx_end__
                0x0000000000000001                . = ASSERT (((__ARM.exidx_start__ == __ARM.exidx_end__) || ((__ARM.exidx_end__ - __FLASH_segment_start__) <= __FLASH_segment_size__)), error: .ARM.exidx is too large to fit in FLASH memory segment)
                0x000000000001dd3c                __fast_load_start__ = ALIGN (__ARM.exidx_end__, 0x4)

.fast           0x0000000020001210        0x0 load address 0x000000000001dd3c
                0x0000000020001210                __fast_start__ = .
 *(.fast .fast.*)
                0x0000000020001210                __fast_end__ = (__fast_start__ + SIZEOF (.fast))
                0x0000000000000000                __fast_size__ = SIZEOF (.fast)
                0x000000000001dd3c                __fast_load_end__ = (__fast_load_start__ + SIZEOF (.fast))
                0x0000000000000001                . = ASSERT (((__fast_load_start__ == __fast_load_end__) || ((__fast_load_end__ - __FLASH_segment_start__) <= __FLASH_segment_size__)), error: .fast is too large to fit in FLASH memory segment)

.fast_run       0x0000000020001210        0x0
                0x0000000020001210                __fast_run_start__ = .
                0x0000000020001210                . = MAX ((__fast_run_start__ + SIZEOF (.fast)), .)
                0x0000000020001210                __fast_run_end__ = (__fast_run_start__ + SIZEOF (.fast_run))
                0x0000000000000000                __fast_run_size__ = SIZEOF (.fast_run)
                0x0000000020001210                __fast_run_load_end__ = __fast_run_end__
                0x0000000000000001                . = ASSERT (((__fast_run_start__ == __fast_run_end__) || ((__fast_run_end__ - __RAM_segment_start__) <= __RAM_segment_size__)), error: .fast_run is too large to fit in RAM memory segment)
                0x000000000001dd3c                __data_load_start__ = ALIGN ((__fast_load_start__ + SIZEOF (.fast)), 0x4)

.data           0x0000000020001210       0x5c load address 0x000000000001dd3c
                0x0000000020001210                __data_start__ = .
 *(.data .data.* .gnu.linkonce.d.*)
 .data.m_uart   0x0000000020001210       0x14 Output/ble_app_beacon_pca10040e_s112 Release/Obj/nrf_log_backend_uart.o
                0x0000000020001210                m_uart
 .data.log_backend_cb_uart_log_backend
                0x0000000020001224        0x8 Output/ble_app_beacon_pca10040e_s112 Release/Obj/nrf_log_default_backends.o
 .data.SystemCoreClock
                0x000000002000122c        0x4 Output/ble_app_beacon_pca10040e_s112 Release/Obj/system_nrf52810.o
                0x000000002000122c                SystemCoreClock
 .data.m_adv_data
                0x0000000020001230       0x10 Output/ble_app_beacon_pca10040e_s112 Release/Obj/main.o
 .data.m_adv_handle
                0x0000000020001240        0x1 Output/ble_app_beacon_pca10040e_s112 Release/Obj/main.o
 .data.m_beacon_info
                0x0000000020001241       0x17 Output/ble_app_beacon_pca10040e_s112 Release/Obj/main.o
 .data.libc.__RAL_global_locale
                0x0000000020001258       0x14 /usr/share/segger_embedded_studio_for_arm_4.22/lib/libc_v7em_t_le_eabi.a(libc2.o)
                0x0000000020001258                __RAL_global_locale
                0x000000002000126c                __data_end__ = (__data_start__ + SIZEOF (.data))
                0x000000000000005c                __data_size__ = SIZEOF (.data)
                0x000000000001dd98                __data_load_end__ = (__data_load_start__ + SIZEOF (.data))

.igot.plt       0x0000000100000000        0x0
 .igot.plt      0x0000000100000000        0x0 Output/ble_app_beacon_pca10040e_s112 Release/Obj/thumb_crt0.o
                0x0000000000000001                . = ASSERT (((__data_load_start__ == __data_load_end__) || ((__data_load_end__ - __FLASH_segment_start__) <= __FLASH_segment_size__)), error: .data is too large to fit in FLASH memory segment)

.data_run       0x0000000020001210       0x5c load address 0x000000000001dd3c
                0x0000000020001210                __data_run_start__ = .
                0x000000002000126c                . = MAX ((__data_run_start__ + SIZEOF (.data)), .)
 *fill*         0x0000000020001210       0x5c 
                0x000000002000126c                __data_run_end__ = (__data_run_start__ + SIZEOF (.data_run))
                0x000000000000005c                __data_run_size__ = SIZEOF (.data_run)
                0x000000002000126c                __data_run_load_end__ = __data_run_end__
                0x0000000000000001                . = ASSERT (((__data_run_start__ == __data_run_end__) || ((__data_run_end__ - __RAM_segment_start__) <= __RAM_segment_size__)), error: .data_run is too large to fit in RAM memory segment)
                0x000000000001dd98                __tdata_load_start__ = ALIGN ((__data_load_start__ + SIZEOF (.data)), 0x4)

.tdata          0x000000002000126c        0x0 load address 0x000000000001dd98
                0x000000002000126c                __tdata_start__ = .
 *(.tdata .tdata.*)
                0x000000002000126c                __tdata_end__ = (__tdata_start__ + SIZEOF (.tdata))
                0x0000000000000000                __tdata_size__ = SIZEOF (.tdata)
                0x000000000001dd98                __tdata_load_end__ = (__tdata_load_start__ + SIZEOF (.tdata))
                0x000000000001dd98                __FLASH_segment_used_end__ = (ALIGN ((__data_load_start__ + SIZEOF (.data)), 0x4) + SIZEOF (.tdata))
                0x000000000001dd98                __FLASH_segment_used_size__ = (__FLASH_segment_used_end__ - __FLASH_segment_start__)
                0x0000000000000001                . = ASSERT (((__tdata_load_start__ == __tdata_load_end__) || ((__tdata_load_end__ - __FLASH_segment_start__) <= __FLASH_segment_size__)), error: .tdata is too large to fit in FLASH memory segment)

.tdata_run      0x000000002000126c        0x0
                0x000000002000126c                __tdata_run_start__ = .
                0x000000002000126c                . = MAX ((__tdata_run_start__ + SIZEOF (.tdata)), .)
                0x000000002000126c                __tdata_run_end__ = (__tdata_run_start__ + SIZEOF (.tdata_run))
                0x0000000000000000                __tdata_run_size__ = SIZEOF (.tdata_run)
                0x000000002000126c                __tdata_run_load_end__ = __tdata_run_end__
                0x0000000000000001                . = ASSERT (((__tdata_run_start__ == __tdata_run_end__) || ((__tdata_run_end__ - __RAM_segment_start__) <= __RAM_segment_size__)), error: .tdata_run is too large to fit in RAM memory segment)
                0x000000002000126c                __bss_load_start__ = ALIGN (__tdata_run_end__, 0x4)

.bss            0x000000002000126c      0x8eb
                0x000000002000126c                __bss_start__ = .
 *(.bss .bss.* .gnu.linkonce.b.*)
 .bss.m_async_mode
                0x000000002000126c        0x1 Output/ble_app_beacon_pca10040e_s112 Release/Obj/nrf_log_backend_uart.o
 .bss.m_string_buff
                0x000000002000126d       0x40 Output/ble_app_beacon_pca10040e_s112 Release/Obj/nrf_log_backend_uart.o
 .bss.m_xfer_done
                0x00000000200012ad        0x1 Output/ble_app_beacon_pca10040e_s112 Release/Obj/nrf_log_backend_uart.o
 *fill*         0x00000000200012ae        0x2 
 .bss.log_mempool_nrf_balloc_cb
                0x00000000200012b0        0x8 Output/ble_app_beacon_pca10040e_s112 Release/Obj/nrf_log_frontend.o
 .bss.log_mempool_nrf_balloc_pool_mem
                0x00000000200012b8       0xc0 Output/ble_app_beacon_pca10040e_s112 Release/Obj/nrf_log_frontend.o
 .bss.log_mempool_nrf_balloc_pool_stack
                0x0000000020001378        0x8 Output/ble_app_beacon_pca10040e_s112 Release/Obj/nrf_log_frontend.o
 .bss.m_log_data
                0x0000000020001380      0x424 Output/ble_app_beacon_pca10040e_s112 Release/Obj/nrf_log_frontend.o
 .bss.m_log_push_ringbuf_buf
                0x00000000200017a4       0x80 Output/ble_app_beacon_pca10040e_s112 Release/Obj/nrf_log_frontend.o
 .bss.m_log_push_ringbuf_cb
                0x0000000020001824       0x18 Output/ble_app_beacon_pca10040e_s112 Release/Obj/nrf_log_frontend.o
 .bss.m_button_count
                0x000000002000183c        0x1 Output/ble_app_beacon_pca10040e_s112 Release/Obj/app_button.o
 *fill*         0x000000002000183d        0x3 
 .bss.m_detection_delay
                0x0000000020001840        0x4 Output/ble_app_beacon_pca10040e_s112 Release/Obj/app_button.o
 .bss.m_detection_delay_timer_id_data
                0x0000000020001844       0x20 Output/ble_app_beacon_pca10040e_s112 Release/Obj/app_button.o
 *fill*         0x0000000020001864        0x4 
 .bss.m_pin_state
                0x0000000020001868        0x8 Output/ble_app_beacon_pca10040e_s112 Release/Obj/app_button.o
 .bss.m_pin_transition
                0x0000000020001870        0x8 Output/ble_app_beacon_pca10040e_s112 Release/Obj/app_button.o
 .bss.mp_buttons
                0x0000000020001878        0x4 Output/ble_app_beacon_pca10040e_s112 Release/Obj/app_button.o
 .bss.m_op_queue
                0x000000002000187c      0x10c Output/ble_app_beacon_pca10040e_s112 Release/Obj/app_timer.o
 .bss.m_rtc1_reset